running egg_info
writing ../../build/robot_legion_teleop_python/robot_legion_teleop_python.egg-info/PKG-INFO
writing dependency_links to ../../build/robot_legion_teleop_python/robot_legion_teleop_python.egg-info/dependency_links.txt
writing entry points to ../../build/robot_legion_teleop_python/robot_legion_teleop_python.egg-info/entry_points.txt
writing requirements to ../../build/robot_legion_teleop_python/robot_legion_teleop_python.egg-info/requires.txt
writing top-level names to ../../build/robot_legion_teleop_python/robot_legion_teleop_python.egg-info/top_level.txt
reading manifest file '../../build/robot_legion_teleop_python/robot_legion_teleop_python.egg-info/SOURCES.txt'
writing manifest file '../../build/robot_legion_teleop_python/robot_legion_teleop_python.egg-info/SOURCES.txt'
running build
running build_py
copying robot_legion_teleop_python/teleop_legion_key.py -> /home/jo-jo/ros2_ws/build/robot_legion_teleop_python/build/lib/robot_legion_teleop_python
copying robot_legion_teleop_python/__init__.py -> /home/jo-jo/ros2_ws/build/robot_legion_teleop_python/build/lib/robot_legion_teleop_python
running install
running install_lib
copying /home/jo-jo/ros2_ws/build/robot_legion_teleop_python/build/lib/robot_legion_teleop_python/teleop_legion_key.py -> /home/jo-jo/ros2_ws/install/robot_legion_teleop_python/lib/python3.12/site-packages/robot_legion_teleop_python
byte-compiling /home/jo-jo/ros2_ws/install/robot_legion_teleop_python/lib/python3.12/site-packages/robot_legion_teleop_python/teleop_legion_key.py to teleop_legion_key.cpython-312.pyc
running install_data
copying package.xml -> /home/jo-jo/ros2_ws/install/robot_legion_teleop_python/share/robot_legion_teleop_python
running install_egg_info
removing '/home/jo-jo/ros2_ws/install/robot_legion_teleop_python/lib/python3.12/site-packages/robot_legion_teleop_python-0.0.1-py3.12.egg-info' (and everything under it)
Copying ../../build/robot_legion_teleop_python/robot_legion_teleop_python.egg-info to /home/jo-jo/ros2_ws/install/robot_legion_teleop_python/lib/python3.12/site-packages/robot_legion_teleop_python-0.0.1-py3.12.egg-info
running install_scripts
Installing legion_teleop_key script to /home/jo-jo/ros2_ws/install/robot_legion_teleop_python/lib/robot_legion_teleop_python
writing list of installed files to '/home/jo-jo/ros2_ws/build/robot_legion_teleop_python/install.log'
