[0.470s] Invoking command in '/home/jo-jo/ros2_ws/src/robot_legion_teleop_python': DEBUGINFOD_URLS=https://debuginfod.ubuntu.com PYTHONPATH=/home/jo-jo/ros2_ws/build/robot_legion_teleop_python/prefix_override:/usr/lib/python3/dist-packages/colcon_core/task/python/colcon_distutils_commands:/home/jo-jo/ros2_ws/install/robot_legion_teleop_python/lib/python3.12/site-packages:${PYTHONPATH} /usr/bin/python3 -W ignore:setup.py install is deprecated -W ignore:easy_install command is deprecated setup.py egg_info --egg-base ../../build/robot_legion_teleop_python build --build-base /home/jo-jo/ros2_ws/build/robot_legion_teleop_python/build install --record /home/jo-jo/ros2_ws/build/robot_legion_teleop_python/install.log --single-version-externally-managed install_data
[0.591s] running egg_info
[0.599s] writing ../../build/robot_legion_teleop_python/robot_legion_teleop_python.egg-info/PKG-INFO
[0.600s] writing dependency_links to ../../build/robot_legion_teleop_python/robot_legion_teleop_python.egg-info/dependency_links.txt
[0.600s] writing entry points to ../../build/robot_legion_teleop_python/robot_legion_teleop_python.egg-info/entry_points.txt
[0.600s] writing requirements to ../../build/robot_legion_teleop_python/robot_legion_teleop_python.egg-info/requires.txt
[0.600s] writing top-level names to ../../build/robot_legion_teleop_python/robot_legion_teleop_python.egg-info/top_level.txt
[0.616s] reading manifest file '../../build/robot_legion_teleop_python/robot_legion_teleop_python.egg-info/SOURCES.txt'
[0.616s] writing manifest file '../../build/robot_legion_teleop_python/robot_legion_teleop_python.egg-info/SOURCES.txt'
[0.616s] running build
[0.616s] running build_py
[0.616s] copying robot_legion_teleop_python/teleop_legion_key.py -> /home/jo-jo/ros2_ws/build/robot_legion_teleop_python/build/lib/robot_legion_teleop_python
[0.616s] copying robot_legion_teleop_python/__init__.py -> /home/jo-jo/ros2_ws/build/robot_legion_teleop_python/build/lib/robot_legion_teleop_python
[0.617s] running install
[0.620s] running install_lib
[0.628s] copying /home/jo-jo/ros2_ws/build/robot_legion_teleop_python/build/lib/robot_legion_teleop_python/teleop_legion_key.py -> /home/jo-jo/ros2_ws/install/robot_legion_teleop_python/lib/python3.12/site-packages/robot_legion_teleop_python
[0.628s] byte-compiling /home/jo-jo/ros2_ws/install/robot_legion_teleop_python/lib/python3.12/site-packages/robot_legion_teleop_python/teleop_legion_key.py to teleop_legion_key.cpython-312.pyc
[0.629s] running install_data
[0.629s] copying package.xml -> /home/jo-jo/ros2_ws/install/robot_legion_teleop_python/share/robot_legion_teleop_python
[0.629s] running install_egg_info
[0.638s] removing '/home/jo-jo/ros2_ws/install/robot_legion_teleop_python/lib/python3.12/site-packages/robot_legion_teleop_python-0.0.1-py3.12.egg-info' (and everything under it)
[0.638s] Copying ../../build/robot_legion_teleop_python/robot_legion_teleop_python.egg-info to /home/jo-jo/ros2_ws/install/robot_legion_teleop_python/lib/python3.12/site-packages/robot_legion_teleop_python-0.0.1-py3.12.egg-info
[0.639s] running install_scripts
[0.697s] Installing legion_teleop_key script to /home/jo-jo/ros2_ws/install/robot_legion_teleop_python/lib/robot_legion_teleop_python
[0.697s] writing list of installed files to '/home/jo-jo/ros2_ws/build/robot_legion_teleop_python/install.log'
[0.711s] Invoked command in '/home/jo-jo/ros2_ws/src/robot_legion_teleop_python' returned '0': DEBUGINFOD_URLS=https://debuginfod.ubuntu.com PYTHONPATH=/home/jo-jo/ros2_ws/build/robot_legion_teleop_python/prefix_override:/usr/lib/python3/dist-packages/colcon_core/task/python/colcon_distutils_commands:/home/jo-jo/ros2_ws/install/robot_legion_teleop_python/lib/python3.12/site-packages:${PYTHONPATH} /usr/bin/python3 -W ignore:setup.py install is deprecated -W ignore:easy_install command is deprecated setup.py egg_info --egg-base ../../build/robot_legion_teleop_python build --build-base /home/jo-jo/ros2_ws/build/robot_legion_teleop_python/build install --record /home/jo-jo/ros2_ws/build/robot_legion_teleop_python/install.log --single-version-externally-managed install_data
