[0.007s] Invoking command in '/home/jo-jo/ros2_ws/build/my_robot_description': CMAKE_PREFIX_PATH=${CMAKE_PREFIX_PATH}:/home/jo-jo/ros2_ws/install/robot_legion_teleop_python:/opt/ros/jazzy DEBUGINFOD_URLS=https://debuginfod.ubuntu.com /usr/bin/cmake --build /home/jo-jo/ros2_ws/build/my_robot_description -- -j28 -l28
[0.112s] Invoked command in '/home/jo-jo/ros2_ws/build/my_robot_description' returned '0': CMAKE_PREFIX_PATH=${CMAKE_PREFIX_PATH}:/home/jo-jo/ros2_ws/install/robot_legion_teleop_python:/opt/ros/jazzy DEBUGINFOD_URLS=https://debuginfod.ubuntu.com /usr/bin/cmake --build /home/jo-jo/ros2_ws/build/my_robot_description -- -j28 -l28
[0.118s] Invoking command in '/home/jo-jo/ros2_ws/build/my_robot_description': CMAKE_PREFIX_PATH=${CMAKE_PREFIX_PATH}:/home/jo-jo/ros2_ws/install/robot_legion_teleop_python:/opt/ros/jazzy DEBUGINFOD_URLS=https://debuginfod.ubuntu.com /usr/bin/cmake --install /home/jo-jo/ros2_ws/build/my_robot_description
[0.128s] -- Install configuration: ""
[0.128s] -- Up-to-date: /home/jo-jo/ros2_ws/install/my_robot_description/share/my_robot_description//urdf
[0.128s] -- Up-to-date: /home/jo-jo/ros2_ws/install/my_robot_description/share/my_robot_description//urdf/untested.urdf.xacro
[0.129s] -- Up-to-date: /home/jo-jo/ros2_ws/install/my_robot_description/share/my_robot_description//urdf/mobile_base_gazebo.xacro
[0.129s] -- Up-to-date: /home/jo-jo/ros2_ws/install/my_robot_description/share/my_robot_description//urdf/pusharm.urdf.xacro
[0.129s] -- Up-to-date: /home/jo-jo/ros2_ws/install/my_robot_description/share/my_robot_description//urdf/test.urdf.xacro
[0.129s] -- Up-to-date: /home/jo-jo/ros2_ws/install/my_robot_description/share/my_robot_description//urdf/emiliobot.urdf.xacro
[0.129s] -- Up-to-date: /home/jo-jo/ros2_ws/install/my_robot_description/share/my_robot_description//urdf/my_robot.urdf.xacro
[0.129s] -- Up-to-date: /home/jo-jo/ros2_ws/install/my_robot_description/share/my_robot_description//urdf/common_properties.xacro
[0.129s] -- Up-to-date: /home/jo-jo/ros2_ws/install/my_robot_description/share/my_robot_description//launch
[0.129s] -- Up-to-date: /home/jo-jo/ros2_ws/install/my_robot_description/share/my_robot_description//launch/display.launch.xml
[0.129s] -- Up-to-date: /home/jo-jo/ros2_ws/install/my_robot_description/share/my_robot_description//rviz
[0.129s] -- Up-to-date: /home/jo-jo/ros2_ws/install/my_robot_description/share/my_robot_description//rviz/urdf_config.rviz
[0.129s] -- Up-to-date: /home/jo-jo/ros2_ws/install/my_robot_description/share/my_robot_description//rviz/urdf_config1.rviz
[0.129s] -- Up-to-date: /home/jo-jo/ros2_ws/install/my_robot_description/share/ament_index/resource_index/package_run_dependencies/my_robot_description
[0.129s] -- Up-to-date: /home/jo-jo/ros2_ws/install/my_robot_description/share/ament_index/resource_index/parent_prefix_path/my_robot_description
[0.129s] -- Up-to-date: /home/jo-jo/ros2_ws/install/my_robot_description/share/my_robot_description/environment/ament_prefix_path.sh
[0.129s] -- Up-to-date: /home/jo-jo/ros2_ws/install/my_robot_description/share/my_robot_description/environment/ament_prefix_path.dsv
[0.129s] -- Up-to-date: /home/jo-jo/ros2_ws/install/my_robot_description/share/my_robot_description/environment/path.sh
[0.129s] -- Up-to-date: /home/jo-jo/ros2_ws/install/my_robot_description/share/my_robot_description/environment/path.dsv
[0.129s] -- Up-to-date: /home/jo-jo/ros2_ws/install/my_robot_description/share/my_robot_description/local_setup.bash
[0.129s] -- Up-to-date: /home/jo-jo/ros2_ws/install/my_robot_description/share/my_robot_description/local_setup.sh
[0.129s] -- Up-to-date: /home/jo-jo/ros2_ws/install/my_robot_description/share/my_robot_description/local_setup.zsh
[0.129s] -- Up-to-date: /home/jo-jo/ros2_ws/install/my_robot_description/share/my_robot_description/local_setup.dsv
[0.129s] -- Installing: /home/jo-jo/ros2_ws/install/my_robot_description/share/my_robot_description/package.dsv
[0.130s] -- Up-to-date: /home/jo-jo/ros2_ws/install/my_robot_description/share/ament_index/resource_index/packages/my_robot_description
[0.130s] -- Up-to-date: /home/jo-jo/ros2_ws/install/my_robot_description/share/my_robot_description/cmake/my_robot_descriptionConfig.cmake
[0.130s] -- Up-to-date: /home/jo-jo/ros2_ws/install/my_robot_description/share/my_robot_description/cmake/my_robot_descriptionConfig-version.cmake
[0.130s] -- Up-to-date: /home/jo-jo/ros2_ws/install/my_robot_description/share/my_robot_description/package.xml
[0.134s] Invoked command in '/home/jo-jo/ros2_ws/build/my_robot_description' returned '0': CMAKE_PREFIX_PATH=${CMAKE_PREFIX_PATH}:/home/jo-jo/ros2_ws/install/robot_legion_teleop_python:/opt/ros/jazzy DEBUGINFOD_URLS=https://debuginfod.ubuntu.com /usr/bin/cmake --install /home/jo-jo/ros2_ws/build/my_robot_description
