[0.086s] DEBUG:colcon:Command line arguments: ['/usr/bin/colcon', 'build']
[0.086s] DEBUG:colcon:Parsed command line arguments: Namespace(log_base=None, log_level=None, verb_name='build', build_base='build', install_base='install', merge_install=False, symlink_install=False, test_result_base=None, continue_on_error=False, executor='parallel', parallel_workers=16, event_handlers=None, ignore_user_meta=False, metas=['./colcon.meta'], base_paths=['.'], packages_ignore=None, packages_ignore_regex=None, paths=None, packages_up_to=None, packages_up_to_regex=None, packages_above=None, packages_above_and_dependencies=None, packages_above_depth=None, packages_select_by_dep=None, packages_skip_by_dep=None, packages_skip_up_to=None, packages_select_build_failed=False, packages_skip_build_finished=False, packages_select_test_failures=False, packages_skip_test_passed=False, packages_select=None, packages_skip=None, packages_select_regex=None, packages_skip_regex=None, packages_start=None, packages_end=None, allow_overriding=[], cmake_args=None, cmake_target=None, cmake_target_skip_unavailable=False, cmake_clean_cache=False, cmake_clean_first=False, cmake_force_configure=False, ament_cmake_args=None, catkin_cmake_args=None, catkin_skip_building_tests=False, mixin_files=None, mixin=None, verb_parser=<colcon_mixin.mixin.mixin_argument.MixinArgumentDecorator object at 0x7a81af167f80>, verb_extension=<colcon_core.verb.build.BuildVerb object at 0x7a81af2b4860>, main=<bound method BuildVerb.main of <colcon_core.verb.build.BuildVerb object at 0x7a81af2b4860>>, mixin_verb=('build',))
[0.119s] Level 1:colcon.colcon_core.package_discovery:discover_packages(colcon_meta) check parameters
[0.119s] Level 1:colcon.colcon_core.package_discovery:discover_packages(recursive) check parameters
[0.119s] Level 1:colcon.colcon_core.package_discovery:discover_packages(ignore) check parameters
[0.119s] Level 1:colcon.colcon_core.package_discovery:discover_packages(path) check parameters
[0.119s] Level 1:colcon.colcon_core.package_discovery:discover_packages(colcon_meta) discover
[0.119s] Level 1:colcon.colcon_core.package_discovery:discover_packages(recursive) discover
[0.119s] INFO:colcon.colcon_core.package_discovery:Crawling recursively for packages in '/home/jo-jo/ros2_ws'
[0.119s] Level 1:colcon.colcon_core.package_identification:_identify(.) by extensions ['ignore', 'ignore_ament_install']
[0.119s] Level 1:colcon.colcon_core.package_identification:_identify(.) by extension 'ignore'
[0.119s] Level 1:colcon.colcon_core.package_identification:_identify(.) by extension 'ignore_ament_install'
[0.119s] Level 1:colcon.colcon_core.package_identification:_identify(.) by extensions ['colcon_pkg']
[0.119s] Level 1:colcon.colcon_core.package_identification:_identify(.) by extension 'colcon_pkg'
[0.119s] Level 1:colcon.colcon_core.package_identification:_identify(.) by extensions ['colcon_meta']
[0.119s] Level 1:colcon.colcon_core.package_identification:_identify(.) by extension 'colcon_meta'
[0.119s] Level 1:colcon.colcon_core.package_identification:_identify(.) by extensions ['ros']
[0.119s] Level 1:colcon.colcon_core.package_identification:_identify(.) by extension 'ros'
[0.138s] Level 1:colcon.colcon_core.package_identification:_identify(.) by extensions ['cmake', 'python']
[0.138s] Level 1:colcon.colcon_core.package_identification:_identify(.) by extension 'cmake'
[0.139s] Level 1:colcon.colcon_core.package_identification:_identify(.) by extension 'python'
[0.139s] Level 1:colcon.colcon_core.package_identification:_identify(.) by extensions ['python_setup_py']
[0.139s] Level 1:colcon.colcon_core.package_identification:_identify(.) by extension 'python_setup_py'
[0.139s] Level 1:colcon.colcon_core.package_identification:_identify(build) by extensions ['ignore', 'ignore_ament_install']
[0.139s] Level 1:colcon.colcon_core.package_identification:_identify(build) by extension 'ignore'
[0.139s] Level 1:colcon.colcon_core.package_identification:_identify(build) ignored
[0.139s] Level 1:colcon.colcon_core.package_identification:_identify(install) by extensions ['ignore', 'ignore_ament_install']
[0.139s] Level 1:colcon.colcon_core.package_identification:_identify(install) by extension 'ignore'
[0.139s] Level 1:colcon.colcon_core.package_identification:_identify(install) ignored
[0.139s] Level 1:colcon.colcon_core.package_identification:_identify(log) by extensions ['ignore', 'ignore_ament_install']
[0.139s] Level 1:colcon.colcon_core.package_identification:_identify(log) by extension 'ignore'
[0.139s] Level 1:colcon.colcon_core.package_identification:_identify(log) ignored
[0.139s] Level 1:colcon.colcon_core.package_identification:_identify(src) by extensions ['ignore', 'ignore_ament_install']
[0.139s] Level 1:colcon.colcon_core.package_identification:_identify(src) by extension 'ignore'
[0.139s] Level 1:colcon.colcon_core.package_identification:_identify(src) by extension 'ignore_ament_install'
[0.140s] Level 1:colcon.colcon_core.package_identification:_identify(src) by extensions ['colcon_pkg']
[0.140s] Level 1:colcon.colcon_core.package_identification:_identify(src) by extension 'colcon_pkg'
[0.140s] Level 1:colcon.colcon_core.package_identification:_identify(src) by extensions ['colcon_meta']
[0.140s] Level 1:colcon.colcon_core.package_identification:_identify(src) by extension 'colcon_meta'
[0.140s] Level 1:colcon.colcon_core.package_identification:_identify(src) by extensions ['ros']
[0.140s] Level 1:colcon.colcon_core.package_identification:_identify(src) by extension 'ros'
[0.140s] Level 1:colcon.colcon_core.package_identification:_identify(src) by extensions ['cmake', 'python']
[0.140s] Level 1:colcon.colcon_core.package_identification:_identify(src) by extension 'cmake'
[0.140s] Level 1:colcon.colcon_core.package_identification:_identify(src) by extension 'python'
[0.140s] Level 1:colcon.colcon_core.package_identification:_identify(src) by extensions ['python_setup_py']
[0.140s] Level 1:colcon.colcon_core.package_identification:_identify(src) by extension 'python_setup_py'
[0.140s] Level 1:colcon.colcon_core.package_identification:_identify(src/fool_bot) by extensions ['ignore', 'ignore_ament_install']
[0.140s] Level 1:colcon.colcon_core.package_identification:_identify(src/fool_bot) by extension 'ignore'
[0.140s] Level 1:colcon.colcon_core.package_identification:_identify(src/fool_bot) by extension 'ignore_ament_install'
[0.140s] Level 1:colcon.colcon_core.package_identification:_identify(src/fool_bot) by extensions ['colcon_pkg']
[0.140s] Level 1:colcon.colcon_core.package_identification:_identify(src/fool_bot) by extension 'colcon_pkg'
[0.140s] Level 1:colcon.colcon_core.package_identification:_identify(src/fool_bot) by extensions ['colcon_meta']
[0.140s] Level 1:colcon.colcon_core.package_identification:_identify(src/fool_bot) by extension 'colcon_meta'
[0.140s] Level 1:colcon.colcon_core.package_identification:_identify(src/fool_bot) by extensions ['ros']
[0.140s] Level 1:colcon.colcon_core.package_identification:_identify(src/fool_bot) by extension 'ros'
[0.140s] Level 1:colcon.colcon_core.package_identification:_identify(src/fool_bot) by extensions ['cmake', 'python']
[0.141s] Level 1:colcon.colcon_core.package_identification:_identify(src/fool_bot) by extension 'cmake'
[0.141s] Level 1:colcon.colcon_core.package_identification:_identify(src/fool_bot) by extension 'python'
[0.141s] Level 1:colcon.colcon_core.package_identification:_identify(src/fool_bot) by extensions ['python_setup_py']
[0.141s] Level 1:colcon.colcon_core.package_identification:_identify(src/fool_bot) by extension 'python_setup_py'
[0.141s] Level 1:colcon.colcon_core.package_identification:_identify(src/fool_bot/fool_bot_description) by extensions ['ignore', 'ignore_ament_install']
[0.141s] Level 1:colcon.colcon_core.package_identification:_identify(src/fool_bot/fool_bot_description) by extension 'ignore'
[0.141s] Level 1:colcon.colcon_core.package_identification:_identify(src/fool_bot/fool_bot_description) by extension 'ignore_ament_install'
[0.141s] Level 1:colcon.colcon_core.package_identification:_identify(src/fool_bot/fool_bot_description) by extensions ['colcon_pkg']
[0.141s] Level 1:colcon.colcon_core.package_identification:_identify(src/fool_bot/fool_bot_description) by extension 'colcon_pkg'
[0.141s] Level 1:colcon.colcon_core.package_identification:_identify(src/fool_bot/fool_bot_description) by extensions ['colcon_meta']
[0.141s] Level 1:colcon.colcon_core.package_identification:_identify(src/fool_bot/fool_bot_description) by extension 'colcon_meta'
[0.141s] Level 1:colcon.colcon_core.package_identification:_identify(src/fool_bot/fool_bot_description) by extensions ['ros']
[0.141s] Level 1:colcon.colcon_core.package_identification:_identify(src/fool_bot/fool_bot_description) by extension 'ros'
[0.143s] DEBUG:colcon.colcon_core.package_identification:Package 'src/fool_bot/fool_bot_description' with type 'ros.ament_cmake' and name 'fool_bot_description'
[0.143s] Level 1:colcon.colcon_core.package_identification:_identify(src/my_robot_bringup) by extensions ['ignore', 'ignore_ament_install']
[0.143s] Level 1:colcon.colcon_core.package_identification:_identify(src/my_robot_bringup) by extension 'ignore'
[0.143s] Level 1:colcon.colcon_core.package_identification:_identify(src/my_robot_bringup) by extension 'ignore_ament_install'
[0.143s] Level 1:colcon.colcon_core.package_identification:_identify(src/my_robot_bringup) by extensions ['colcon_pkg']
[0.143s] Level 1:colcon.colcon_core.package_identification:_identify(src/my_robot_bringup) by extension 'colcon_pkg'
[0.143s] Level 1:colcon.colcon_core.package_identification:_identify(src/my_robot_bringup) by extensions ['colcon_meta']
[0.143s] Level 1:colcon.colcon_core.package_identification:_identify(src/my_robot_bringup) by extension 'colcon_meta'
[0.143s] Level 1:colcon.colcon_core.package_identification:_identify(src/my_robot_bringup) by extensions ['ros']
[0.143s] Level 1:colcon.colcon_core.package_identification:_identify(src/my_robot_bringup) by extension 'ros'
[0.144s] DEBUG:colcon.colcon_core.package_identification:Package 'src/my_robot_bringup' with type 'ros.ament_cmake' and name 'my_robot_bringup'
[0.144s] Level 1:colcon.colcon_core.package_identification:_identify(src/my_robot_description) by extensions ['ignore', 'ignore_ament_install']
[0.144s] Level 1:colcon.colcon_core.package_identification:_identify(src/my_robot_description) by extension 'ignore'
[0.144s] Level 1:colcon.colcon_core.package_identification:_identify(src/my_robot_description) by extension 'ignore_ament_install'
[0.144s] Level 1:colcon.colcon_core.package_identification:_identify(src/my_robot_description) by extensions ['colcon_pkg']
[0.144s] Level 1:colcon.colcon_core.package_identification:_identify(src/my_robot_description) by extension 'colcon_pkg'
[0.144s] Level 1:colcon.colcon_core.package_identification:_identify(src/my_robot_description) by extensions ['colcon_meta']
[0.144s] Level 1:colcon.colcon_core.package_identification:_identify(src/my_robot_description) by extension 'colcon_meta'
[0.144s] Level 1:colcon.colcon_core.package_identification:_identify(src/my_robot_description) by extensions ['ros']
[0.144s] Level 1:colcon.colcon_core.package_identification:_identify(src/my_robot_description) by extension 'ros'
[0.144s] DEBUG:colcon.colcon_core.package_identification:Package 'src/my_robot_description' with type 'ros.ament_cmake' and name 'my_robot_description'
[0.144s] Level 1:colcon.colcon_core.package_discovery:discover_packages(recursive) using defaults
[0.144s] Level 1:colcon.colcon_core.package_discovery:discover_packages(ignore) discover
[0.144s] Level 1:colcon.colcon_core.package_discovery:discover_packages(ignore) using defaults
[0.144s] Level 1:colcon.colcon_core.package_discovery:discover_packages(path) discover
[0.144s] Level 1:colcon.colcon_core.package_discovery:discover_packages(path) using defaults
[0.158s] Level 1:colcon.colcon_core.package_discovery:discover_packages(prefix_path) check parameters
[0.158s] Level 1:colcon.colcon_core.package_discovery:discover_packages(prefix_path) discover
[0.159s] DEBUG:colcon.colcon_installed_package_information.package_discovery:Found 1 installed packages in /home/jo-jo/ros2_ws/install
[0.161s] DEBUG:colcon.colcon_installed_package_information.package_discovery:Found 315 installed packages in /opt/ros/jazzy
[0.162s] Level 1:colcon.colcon_core.package_discovery:discover_packages(prefix_path) using defaults
[0.197s] Level 5:colcon.colcon_core.verb:set package 'fool_bot_description' build argument 'cmake_args' from command line to 'None'
[0.197s] Level 5:colcon.colcon_core.verb:set package 'fool_bot_description' build argument 'cmake_target' from command line to 'None'
[0.197s] Level 5:colcon.colcon_core.verb:set package 'fool_bot_description' build argument 'cmake_target_skip_unavailable' from command line to 'False'
[0.197s] Level 5:colcon.colcon_core.verb:set package 'fool_bot_description' build argument 'cmake_clean_cache' from command line to 'False'
[0.197s] Level 5:colcon.colcon_core.verb:set package 'fool_bot_description' build argument 'cmake_clean_first' from command line to 'False'
[0.197s] Level 5:colcon.colcon_core.verb:set package 'fool_bot_description' build argument 'cmake_force_configure' from command line to 'False'
[0.197s] Level 5:colcon.colcon_core.verb:set package 'fool_bot_description' build argument 'ament_cmake_args' from command line to 'None'
[0.197s] Level 5:colcon.colcon_core.verb:set package 'fool_bot_description' build argument 'catkin_cmake_args' from command line to 'None'
[0.197s] Level 5:colcon.colcon_core.verb:set package 'fool_bot_description' build argument 'catkin_skip_building_tests' from command line to 'False'
[0.197s] DEBUG:colcon.colcon_core.verb:Building package 'fool_bot_description' with the following arguments: {'ament_cmake_args': None, 'build_base': '/home/jo-jo/ros2_ws/build/fool_bot_description', 'catkin_cmake_args': None, 'catkin_skip_building_tests': False, 'cmake_args': None, 'cmake_clean_cache': False, 'cmake_clean_first': False, 'cmake_force_configure': False, 'cmake_target': None, 'cmake_target_skip_unavailable': False, 'install_base': '/home/jo-jo/ros2_ws/install/fool_bot_description', 'merge_install': False, 'path': '/home/jo-jo/ros2_ws/src/fool_bot/fool_bot_description', 'symlink_install': False, 'test_result_base': None}
[0.197s] Level 5:colcon.colcon_core.verb:set package 'my_robot_bringup' build argument 'cmake_args' from command line to 'None'
[0.197s] Level 5:colcon.colcon_core.verb:set package 'my_robot_bringup' build argument 'cmake_target' from command line to 'None'
[0.197s] Level 5:colcon.colcon_core.verb:set package 'my_robot_bringup' build argument 'cmake_target_skip_unavailable' from command line to 'False'
[0.197s] Level 5:colcon.colcon_core.verb:set package 'my_robot_bringup' build argument 'cmake_clean_cache' from command line to 'False'
[0.197s] Level 5:colcon.colcon_core.verb:set package 'my_robot_bringup' build argument 'cmake_clean_first' from command line to 'False'
[0.197s] Level 5:colcon.colcon_core.verb:set package 'my_robot_bringup' build argument 'cmake_force_configure' from command line to 'False'
[0.197s] Level 5:colcon.colcon_core.verb:set package 'my_robot_bringup' build argument 'ament_cmake_args' from command line to 'None'
[0.197s] Level 5:colcon.colcon_core.verb:set package 'my_robot_bringup' build argument 'catkin_cmake_args' from command line to 'None'
[0.197s] Level 5:colcon.colcon_core.verb:set package 'my_robot_bringup' build argument 'catkin_skip_building_tests' from command line to 'False'
[0.197s] DEBUG:colcon.colcon_core.verb:Building package 'my_robot_bringup' with the following arguments: {'ament_cmake_args': None, 'build_base': '/home/jo-jo/ros2_ws/build/my_robot_bringup', 'catkin_cmake_args': None, 'catkin_skip_building_tests': False, 'cmake_args': None, 'cmake_clean_cache': False, 'cmake_clean_first': False, 'cmake_force_configure': False, 'cmake_target': None, 'cmake_target_skip_unavailable': False, 'install_base': '/home/jo-jo/ros2_ws/install/my_robot_bringup', 'merge_install': False, 'path': '/home/jo-jo/ros2_ws/src/my_robot_bringup', 'symlink_install': False, 'test_result_base': None}
[0.198s] Level 5:colcon.colcon_core.verb:set package 'my_robot_description' build argument 'cmake_args' from command line to 'None'
[0.198s] Level 5:colcon.colcon_core.verb:set package 'my_robot_description' build argument 'cmake_target' from command line to 'None'
[0.198s] Level 5:colcon.colcon_core.verb:set package 'my_robot_description' build argument 'cmake_target_skip_unavailable' from command line to 'False'
[0.198s] Level 5:colcon.colcon_core.verb:set package 'my_robot_description' build argument 'cmake_clean_cache' from command line to 'False'
[0.198s] Level 5:colcon.colcon_core.verb:set package 'my_robot_description' build argument 'cmake_clean_first' from command line to 'False'
[0.198s] Level 5:colcon.colcon_core.verb:set package 'my_robot_description' build argument 'cmake_force_configure' from command line to 'False'
[0.198s] Level 5:colcon.colcon_core.verb:set package 'my_robot_description' build argument 'ament_cmake_args' from command line to 'None'
[0.198s] Level 5:colcon.colcon_core.verb:set package 'my_robot_description' build argument 'catkin_cmake_args' from command line to 'None'
[0.198s] Level 5:colcon.colcon_core.verb:set package 'my_robot_description' build argument 'catkin_skip_building_tests' from command line to 'False'
[0.198s] DEBUG:colcon.colcon_core.verb:Building package 'my_robot_description' with the following arguments: {'ament_cmake_args': None, 'build_base': '/home/jo-jo/ros2_ws/build/my_robot_description', 'catkin_cmake_args': None, 'catkin_skip_building_tests': False, 'cmake_args': None, 'cmake_clean_cache': False, 'cmake_clean_first': False, 'cmake_force_configure': False, 'cmake_target': None, 'cmake_target_skip_unavailable': False, 'install_base': '/home/jo-jo/ros2_ws/install/my_robot_description', 'merge_install': False, 'path': '/home/jo-jo/ros2_ws/src/my_robot_description', 'symlink_install': False, 'test_result_base': None}
[0.198s] INFO:colcon.colcon_core.executor:Executing jobs using 'parallel' executor
[0.199s] DEBUG:colcon.colcon_parallel_executor.executor.parallel:run_until_complete
[0.199s] INFO:colcon.colcon_ros.task.ament_cmake.build:Building ROS package in '/home/jo-jo/ros2_ws/src/fool_bot/fool_bot_description' with build type 'ament_cmake'
[0.199s] INFO:colcon.colcon_cmake.task.cmake.build:Building CMake package in '/home/jo-jo/ros2_ws/src/fool_bot/fool_bot_description'
[0.201s] INFO:colcon.colcon_core.plugin_system:Skipping extension 'colcon_core.shell.bat': Not used on non-Windows systems
[0.201s] INFO:colcon.colcon_core.shell:Skip shell extension 'powershell' for command environment: Not usable outside of PowerShell
[0.201s] DEBUG:colcon.colcon_core.shell:Skip shell extension 'dsv' for command environment
[0.204s] INFO:colcon.colcon_ros.task.ament_cmake.build:Building ROS package in '/home/jo-jo/ros2_ws/src/my_robot_bringup' with build type 'ament_cmake'
[0.204s] INFO:colcon.colcon_cmake.task.cmake.build:Building CMake package in '/home/jo-jo/ros2_ws/src/my_robot_bringup'
[0.204s] INFO:colcon.colcon_core.shell:Skip shell extension 'powershell' for command environment: Not usable outside of PowerShell
[0.204s] DEBUG:colcon.colcon_core.shell:Skip shell extension 'dsv' for command environment
[0.207s] INFO:colcon.colcon_ros.task.ament_cmake.build:Building ROS package in '/home/jo-jo/ros2_ws/src/my_robot_description' with build type 'ament_cmake'
[0.207s] INFO:colcon.colcon_cmake.task.cmake.build:Building CMake package in '/home/jo-jo/ros2_ws/src/my_robot_description'
[0.207s] INFO:colcon.colcon_core.shell:Skip shell extension 'powershell' for command environment: Not usable outside of PowerShell
[0.207s] DEBUG:colcon.colcon_core.shell:Skip shell extension 'dsv' for command environment
[0.212s] DEBUG:colcon.colcon_core.event_handler.log_command:Invoking command in '/home/jo-jo/ros2_ws/build/fool_bot_description': CMAKE_PREFIX_PATH=${CMAKE_PREFIX_PATH}:/opt/ros/jazzy DEBUGINFOD_URLS=https://debuginfod.ubuntu.com /usr/bin/cmake /home/jo-jo/ros2_ws/src/fool_bot/fool_bot_description -DCMAKE_INSTALL_PREFIX=/home/jo-jo/ros2_ws/install/fool_bot_description
[0.215s] DEBUG:colcon.colcon_core.event_handler.log_command:Invoking command in '/home/jo-jo/ros2_ws/build/my_robot_bringup': CMAKE_PREFIX_PATH=${CMAKE_PREFIX_PATH}:/opt/ros/jazzy DEBUGINFOD_URLS=https://debuginfod.ubuntu.com /usr/bin/cmake --build /home/jo-jo/ros2_ws/build/my_robot_bringup -- -j16 -l16
[0.218s] DEBUG:colcon.colcon_core.event_handler.log_command:Invoking command in '/home/jo-jo/ros2_ws/build/my_robot_description': CMAKE_PREFIX_PATH=${CMAKE_PREFIX_PATH}:/opt/ros/jazzy DEBUGINFOD_URLS=https://debuginfod.ubuntu.com /usr/bin/cmake --build /home/jo-jo/ros2_ws/build/my_robot_description -- -j16 -l16
[0.257s] DEBUG:colcon.colcon_core.event_handler.log_command:Invoked command in '/home/jo-jo/ros2_ws/build/my_robot_description' returned '0': CMAKE_PREFIX_PATH=${CMAKE_PREFIX_PATH}:/opt/ros/jazzy DEBUGINFOD_URLS=https://debuginfod.ubuntu.com /usr/bin/cmake --build /home/jo-jo/ros2_ws/build/my_robot_description -- -j16 -l16
[0.268s] DEBUG:colcon.colcon_core.event_handler.log_command:Invoking command in '/home/jo-jo/ros2_ws/build/my_robot_description': CMAKE_PREFIX_PATH=${CMAKE_PREFIX_PATH}:/opt/ros/jazzy DEBUGINFOD_URLS=https://debuginfod.ubuntu.com /usr/bin/cmake --install /home/jo-jo/ros2_ws/build/my_robot_description
[0.269s] DEBUG:colcon.colcon_core.event_handler.log_command:Invoked command in '/home/jo-jo/ros2_ws/build/my_robot_bringup' returned '0': CMAKE_PREFIX_PATH=${CMAKE_PREFIX_PATH}:/opt/ros/jazzy DEBUGINFOD_URLS=https://debuginfod.ubuntu.com /usr/bin/cmake --build /home/jo-jo/ros2_ws/build/my_robot_bringup -- -j16 -l16
[0.269s] DEBUG:colcon.colcon_core.event_handler.log_command:Invoking command in '/home/jo-jo/ros2_ws/build/my_robot_bringup': CMAKE_PREFIX_PATH=${CMAKE_PREFIX_PATH}:/opt/ros/jazzy DEBUGINFOD_URLS=https://debuginfod.ubuntu.com /usr/bin/cmake --install /home/jo-jo/ros2_ws/build/my_robot_bringup
[0.285s] Level 1:colcon.colcon_core.environment:create_environment_scripts_only(my_robot_description)
[0.285s] DEBUG:colcon.colcon_core.event_handler.log_command:Invoked command in '/home/jo-jo/ros2_ws/build/my_robot_description' returned '0': CMAKE_PREFIX_PATH=${CMAKE_PREFIX_PATH}:/opt/ros/jazzy DEBUGINFOD_URLS=https://debuginfod.ubuntu.com /usr/bin/cmake --install /home/jo-jo/ros2_ws/build/my_robot_description
[0.289s] Level 1:colcon.colcon_core.environment:checking '/home/jo-jo/ros2_ws/install/my_robot_description' for CMake module files
[0.290s] Level 1:colcon.colcon_core.environment:checking '/home/jo-jo/ros2_ws/install/my_robot_description' for CMake config files
[0.290s] Level 1:colcon.colcon_core.shell:create_environment_hook('my_robot_description', 'cmake_prefix_path')
[0.290s] INFO:colcon.colcon_core.shell:Creating environment hook '/home/jo-jo/ros2_ws/install/my_robot_description/share/my_robot_description/hook/cmake_prefix_path.ps1'
[0.291s] INFO:colcon.colcon_core.shell:Creating environment descriptor '/home/jo-jo/ros2_ws/install/my_robot_description/share/my_robot_description/hook/cmake_prefix_path.dsv'
[0.292s] INFO:colcon.colcon_core.shell:Creating environment hook '/home/jo-jo/ros2_ws/install/my_robot_description/share/my_robot_description/hook/cmake_prefix_path.sh'
[0.293s] Level 1:colcon.colcon_core.environment:checking '/home/jo-jo/ros2_ws/install/my_robot_description/bin'
[0.293s] Level 1:colcon.colcon_core.environment:checking '/home/jo-jo/ros2_ws/install/my_robot_description/lib/pkgconfig/my_robot_description.pc'
[0.294s] Level 1:colcon.colcon_core.environment:checking '/home/jo-jo/ros2_ws/install/my_robot_description/lib/python3.12/site-packages'
[0.294s] Level 1:colcon.colcon_core.environment:checking '/home/jo-jo/ros2_ws/install/my_robot_description/bin'
[0.294s] INFO:colcon.colcon_core.shell:Creating package script '/home/jo-jo/ros2_ws/install/my_robot_description/share/my_robot_description/package.ps1'
[0.295s] INFO:colcon.colcon_core.shell:Creating package descriptor '/home/jo-jo/ros2_ws/install/my_robot_description/share/my_robot_description/package.dsv'
[0.296s] INFO:colcon.colcon_core.shell:Creating package script '/home/jo-jo/ros2_ws/install/my_robot_description/share/my_robot_description/package.sh'
[0.297s] INFO:colcon.colcon_core.shell:Creating package script '/home/jo-jo/ros2_ws/install/my_robot_description/share/my_robot_description/package.bash'
[0.297s] INFO:colcon.colcon_core.shell:Creating package script '/home/jo-jo/ros2_ws/install/my_robot_description/share/my_robot_description/package.zsh'
[0.298s] Level 1:colcon.colcon_core.environment:create_file_with_runtime_dependencies(/home/jo-jo/ros2_ws/install/my_robot_description/share/colcon-core/packages/my_robot_description)
[0.298s] Level 1:colcon.colcon_core.environment:create_environment_scripts_only(my_robot_description)
[0.299s] Level 1:colcon.colcon_core.environment:checking '/home/jo-jo/ros2_ws/install/my_robot_description' for CMake module files
[0.300s] Level 1:colcon.colcon_core.environment:checking '/home/jo-jo/ros2_ws/install/my_robot_description' for CMake config files
[0.300s] Level 1:colcon.colcon_core.shell:create_environment_hook('my_robot_description', 'cmake_prefix_path')
[0.300s] INFO:colcon.colcon_core.shell:Creating environment hook '/home/jo-jo/ros2_ws/install/my_robot_description/share/my_robot_description/hook/cmake_prefix_path.ps1'
[0.301s] INFO:colcon.colcon_core.shell:Creating environment descriptor '/home/jo-jo/ros2_ws/install/my_robot_description/share/my_robot_description/hook/cmake_prefix_path.dsv'
[0.301s] INFO:colcon.colcon_core.shell:Creating environment hook '/home/jo-jo/ros2_ws/install/my_robot_description/share/my_robot_description/hook/cmake_prefix_path.sh'
[0.302s] Level 1:colcon.colcon_core.environment:checking '/home/jo-jo/ros2_ws/install/my_robot_description/bin'
[0.302s] Level 1:colcon.colcon_core.environment:checking '/home/jo-jo/ros2_ws/install/my_robot_description/lib/pkgconfig/my_robot_description.pc'
[0.302s] Level 1:colcon.colcon_core.environment:checking '/home/jo-jo/ros2_ws/install/my_robot_description/lib/python3.12/site-packages'
[0.303s] Level 1:colcon.colcon_core.environment:checking '/home/jo-jo/ros2_ws/install/my_robot_description/bin'
[0.303s] INFO:colcon.colcon_core.shell:Creating package script '/home/jo-jo/ros2_ws/install/my_robot_description/share/my_robot_description/package.ps1'
[0.303s] INFO:colcon.colcon_core.shell:Creating package descriptor '/home/jo-jo/ros2_ws/install/my_robot_description/share/my_robot_description/package.dsv'
[0.304s] INFO:colcon.colcon_core.shell:Creating package script '/home/jo-jo/ros2_ws/install/my_robot_description/share/my_robot_description/package.sh'
[0.304s] INFO:colcon.colcon_core.shell:Creating package script '/home/jo-jo/ros2_ws/install/my_robot_description/share/my_robot_description/package.bash'
[0.304s] INFO:colcon.colcon_core.shell:Creating package script '/home/jo-jo/ros2_ws/install/my_robot_description/share/my_robot_description/package.zsh'
[0.305s] Level 1:colcon.colcon_core.environment:create_file_with_runtime_dependencies(/home/jo-jo/ros2_ws/install/my_robot_description/share/colcon-core/packages/my_robot_description)
[0.525s] Level 1:colcon.colcon_core.environment:create_environment_scripts_only(my_robot_bringup)
[0.526s] DEBUG:colcon.colcon_core.event_handler.log_command:Invoked command in '/home/jo-jo/ros2_ws/build/my_robot_bringup' returned '0': CMAKE_PREFIX_PATH=${CMAKE_PREFIX_PATH}:/opt/ros/jazzy DEBUGINFOD_URLS=https://debuginfod.ubuntu.com /usr/bin/cmake --install /home/jo-jo/ros2_ws/build/my_robot_bringup
[0.526s] Level 1:colcon.colcon_core.environment:checking '/home/jo-jo/ros2_ws/install/my_robot_bringup' for CMake module files
[0.526s] Level 1:colcon.colcon_core.environment:checking '/home/jo-jo/ros2_ws/install/my_robot_bringup' for CMake config files
[0.527s] Level 1:colcon.colcon_core.shell:create_environment_hook('my_robot_bringup', 'cmake_prefix_path')
[0.527s] INFO:colcon.colcon_core.shell:Creating environment hook '/home/jo-jo/ros2_ws/install/my_robot_bringup/share/my_robot_bringup/hook/cmake_prefix_path.ps1'
[0.528s] INFO:colcon.colcon_core.shell:Creating environment descriptor '/home/jo-jo/ros2_ws/install/my_robot_bringup/share/my_robot_bringup/hook/cmake_prefix_path.dsv'
[0.528s] INFO:colcon.colcon_core.shell:Creating environment hook '/home/jo-jo/ros2_ws/install/my_robot_bringup/share/my_robot_bringup/hook/cmake_prefix_path.sh'
[0.529s] Level 1:colcon.colcon_core.environment:checking '/home/jo-jo/ros2_ws/install/my_robot_bringup/bin'
[0.529s] Level 1:colcon.colcon_core.environment:checking '/home/jo-jo/ros2_ws/install/my_robot_bringup/lib/pkgconfig/my_robot_bringup.pc'
[0.529s] Level 1:colcon.colcon_core.environment:checking '/home/jo-jo/ros2_ws/install/my_robot_bringup/lib/python3.12/site-packages'
[0.529s] Level 1:colcon.colcon_core.environment:checking '/home/jo-jo/ros2_ws/install/my_robot_bringup/bin'
[0.529s] INFO:colcon.colcon_core.shell:Creating package script '/home/jo-jo/ros2_ws/install/my_robot_bringup/share/my_robot_bringup/package.ps1'
[0.530s] INFO:colcon.colcon_core.shell:Creating package descriptor '/home/jo-jo/ros2_ws/install/my_robot_bringup/share/my_robot_bringup/package.dsv'
[0.530s] INFO:colcon.colcon_core.shell:Creating package script '/home/jo-jo/ros2_ws/install/my_robot_bringup/share/my_robot_bringup/package.sh'
[0.530s] INFO:colcon.colcon_core.shell:Creating package script '/home/jo-jo/ros2_ws/install/my_robot_bringup/share/my_robot_bringup/package.bash'
[0.531s] INFO:colcon.colcon_core.shell:Creating package script '/home/jo-jo/ros2_ws/install/my_robot_bringup/share/my_robot_bringup/package.zsh'
[0.531s] Level 1:colcon.colcon_core.environment:create_file_with_runtime_dependencies(/home/jo-jo/ros2_ws/install/my_robot_bringup/share/colcon-core/packages/my_robot_bringup)
[0.531s] Level 1:colcon.colcon_core.environment:create_environment_scripts_only(my_robot_bringup)
[0.531s] Level 1:colcon.colcon_core.environment:checking '/home/jo-jo/ros2_ws/install/my_robot_bringup' for CMake module files
[0.532s] Level 1:colcon.colcon_core.environment:checking '/home/jo-jo/ros2_ws/install/my_robot_bringup' for CMake config files
[0.533s] Level 1:colcon.colcon_core.shell:create_environment_hook('my_robot_bringup', 'cmake_prefix_path')
[0.533s] INFO:colcon.colcon_core.shell:Creating environment hook '/home/jo-jo/ros2_ws/install/my_robot_bringup/share/my_robot_bringup/hook/cmake_prefix_path.ps1'
[0.533s] INFO:colcon.colcon_core.shell:Creating environment descriptor '/home/jo-jo/ros2_ws/install/my_robot_bringup/share/my_robot_bringup/hook/cmake_prefix_path.dsv'
[0.534s] INFO:colcon.colcon_core.shell:Creating environment hook '/home/jo-jo/ros2_ws/install/my_robot_bringup/share/my_robot_bringup/hook/cmake_prefix_path.sh'
[0.534s] Level 1:colcon.colcon_core.environment:checking '/home/jo-jo/ros2_ws/install/my_robot_bringup/bin'
[0.534s] Level 1:colcon.colcon_core.environment:checking '/home/jo-jo/ros2_ws/install/my_robot_bringup/lib/pkgconfig/my_robot_bringup.pc'
[0.534s] Level 1:colcon.colcon_core.environment:checking '/home/jo-jo/ros2_ws/install/my_robot_bringup/lib/python3.12/site-packages'
[0.535s] Level 1:colcon.colcon_core.environment:checking '/home/jo-jo/ros2_ws/install/my_robot_bringup/bin'
[0.535s] INFO:colcon.colcon_core.shell:Creating package script '/home/jo-jo/ros2_ws/install/my_robot_bringup/share/my_robot_bringup/package.ps1'
[0.535s] INFO:colcon.colcon_core.shell:Creating package descriptor '/home/jo-jo/ros2_ws/install/my_robot_bringup/share/my_robot_bringup/package.dsv'
[0.536s] INFO:colcon.colcon_core.shell:Creating package script '/home/jo-jo/ros2_ws/install/my_robot_bringup/share/my_robot_bringup/package.sh'
[0.536s] INFO:colcon.colcon_core.shell:Creating package script '/home/jo-jo/ros2_ws/install/my_robot_bringup/share/my_robot_bringup/package.bash'
[0.536s] INFO:colcon.colcon_core.shell:Creating package script '/home/jo-jo/ros2_ws/install/my_robot_bringup/share/my_robot_bringup/package.zsh'
[0.537s] Level 1:colcon.colcon_core.environment:create_file_with_runtime_dependencies(/home/jo-jo/ros2_ws/install/my_robot_bringup/share/colcon-core/packages/my_robot_bringup)
[0.886s] DEBUG:colcon.colcon_core.event_handler.log_command:Invoked command in '/home/jo-jo/ros2_ws/build/fool_bot_description' returned '0': CMAKE_PREFIX_PATH=${CMAKE_PREFIX_PATH}:/opt/ros/jazzy DEBUGINFOD_URLS=https://debuginfod.ubuntu.com /usr/bin/cmake /home/jo-jo/ros2_ws/src/fool_bot/fool_bot_description -DCMAKE_INSTALL_PREFIX=/home/jo-jo/ros2_ws/install/fool_bot_description
[0.886s] DEBUG:colcon.colcon_core.event_handler.log_command:Invoking command in '/home/jo-jo/ros2_ws/build/fool_bot_description': CMAKE_PREFIX_PATH=${CMAKE_PREFIX_PATH}:/opt/ros/jazzy DEBUGINFOD_URLS=https://debuginfod.ubuntu.com /usr/bin/cmake --build /home/jo-jo/ros2_ws/build/fool_bot_description -- -j16 -l16
[0.926s] DEBUG:colcon.colcon_core.event_handler.log_command:Invoked command in '/home/jo-jo/ros2_ws/build/fool_bot_description' returned '0': CMAKE_PREFIX_PATH=${CMAKE_PREFIX_PATH}:/opt/ros/jazzy DEBUGINFOD_URLS=https://debuginfod.ubuntu.com /usr/bin/cmake --build /home/jo-jo/ros2_ws/build/fool_bot_description -- -j16 -l16
[0.927s] DEBUG:colcon.colcon_core.event_handler.log_command:Invoking command in '/home/jo-jo/ros2_ws/build/fool_bot_description': CMAKE_PREFIX_PATH=${CMAKE_PREFIX_PATH}:/opt/ros/jazzy DEBUGINFOD_URLS=https://debuginfod.ubuntu.com /usr/bin/cmake --install /home/jo-jo/ros2_ws/build/fool_bot_description
[0.937s] DEBUG:colcon.colcon_core.event_handler.log_command:Invoked command in '/home/jo-jo/ros2_ws/build/fool_bot_description' returned '1': CMAKE_PREFIX_PATH=${CMAKE_PREFIX_PATH}:/opt/ros/jazzy DEBUGINFOD_URLS=https://debuginfod.ubuntu.com /usr/bin/cmake --install /home/jo-jo/ros2_ws/build/fool_bot_description
[0.937s] Level 1:colcon.colcon_core.environment:create_environment_scripts_only(fool_bot_description)
[0.937s] Level 1:colcon.colcon_core.environment:checking '/home/jo-jo/ros2_ws/install/fool_bot_description' for CMake module files
[0.938s] Level 1:colcon.colcon_core.environment:checking '/home/jo-jo/ros2_ws/install/fool_bot_description' for CMake config files
[0.938s] Level 1:colcon.colcon_core.environment:checking '/home/jo-jo/ros2_ws/install/fool_bot_description/bin'
[0.938s] Level 1:colcon.colcon_core.environment:checking '/home/jo-jo/ros2_ws/install/fool_bot_description/lib/pkgconfig/fool_bot_description.pc'
[0.938s] Level 1:colcon.colcon_core.environment:checking '/home/jo-jo/ros2_ws/install/fool_bot_description/lib/python3.12/site-packages'
[0.939s] Level 1:colcon.colcon_core.environment:checking '/home/jo-jo/ros2_ws/install/fool_bot_description/bin'
[0.939s] INFO:colcon.colcon_core.shell:Creating package script '/home/jo-jo/ros2_ws/install/fool_bot_description/share/fool_bot_description/package.ps1'
[0.939s] INFO:colcon.colcon_core.shell:Creating package descriptor '/home/jo-jo/ros2_ws/install/fool_bot_description/share/fool_bot_description/package.dsv'
[0.939s] INFO:colcon.colcon_core.shell:Creating package script '/home/jo-jo/ros2_ws/install/fool_bot_description/share/fool_bot_description/package.sh'
[0.940s] INFO:colcon.colcon_core.shell:Creating package script '/home/jo-jo/ros2_ws/install/fool_bot_description/share/fool_bot_description/package.bash'
[0.940s] INFO:colcon.colcon_core.shell:Creating package script '/home/jo-jo/ros2_ws/install/fool_bot_description/share/fool_bot_description/package.zsh'
[0.940s] Level 1:colcon.colcon_core.environment:create_file_with_runtime_dependencies(/home/jo-jo/ros2_ws/install/fool_bot_description/share/colcon-core/packages/fool_bot_description)
[0.951s] DEBUG:colcon.colcon_parallel_executor.executor.parallel:closing loop
[0.951s] DEBUG:colcon.colcon_parallel_executor.executor.parallel:loop closed
[0.951s] DEBUG:colcon.colcon_parallel_executor.executor.parallel:run_until_complete finished with '1'
[0.951s] DEBUG:colcon.colcon_core.event_reactor:joining thread
[0.956s] INFO:colcon.colcon_core.plugin_system:Skipping extension 'colcon_notification.desktop_notification.terminal_notifier': Not used on non-Darwin systems
[0.956s] INFO:colcon.colcon_core.plugin_system:Skipping extension 'colcon_notification.desktop_notification.win32': Not used on non-Windows systems
[0.956s] INFO:colcon.colcon_notification.desktop_notification:Sending desktop notification using 'notify2'
[0.967s] DEBUG:colcon.colcon_core.event_reactor:joined thread
[0.968s] INFO:colcon.colcon_core.shell:Creating prefix script '/home/jo-jo/ros2_ws/install/local_setup.ps1'
[0.969s] INFO:colcon.colcon_core.shell:Creating prefix util module '/home/jo-jo/ros2_ws/install/_local_setup_util_ps1.py'
[0.970s] INFO:colcon.colcon_core.shell:Creating prefix chain script '/home/jo-jo/ros2_ws/install/setup.ps1'
[0.971s] INFO:colcon.colcon_core.shell:Creating prefix script '/home/jo-jo/ros2_ws/install/local_setup.sh'
[0.971s] INFO:colcon.colcon_core.shell:Creating prefix util module '/home/jo-jo/ros2_ws/install/_local_setup_util_sh.py'
[0.971s] INFO:colcon.colcon_core.shell:Creating prefix chain script '/home/jo-jo/ros2_ws/install/setup.sh'
[0.972s] INFO:colcon.colcon_core.shell:Creating prefix script '/home/jo-jo/ros2_ws/install/local_setup.bash'
[0.973s] INFO:colcon.colcon_core.shell:Creating prefix chain script '/home/jo-jo/ros2_ws/install/setup.bash'
[0.973s] INFO:colcon.colcon_core.shell:Creating prefix script '/home/jo-jo/ros2_ws/install/local_setup.zsh'
[0.973s] INFO:colcon.colcon_core.shell:Creating prefix chain script '/home/jo-jo/ros2_ws/install/setup.zsh'
