[0.011s] Invoking command in '/home/jo-jo/ros2_ws/build/my_robot_description': CMAKE_PREFIX_PATH=${CMAKE_PREFIX_PATH}:/opt/ros/jazzy DEBUGINFOD_URLS=https://debuginfod.ubuntu.com /usr/bin/cmake --build /home/jo-jo/ros2_ws/build/my_robot_description -- -j16 -l16
[0.064s] -- Found ament_cmake: 2.5.4 (/opt/ros/jazzy/share/ament_cmake/cmake)
[0.345s] -- Configuring done (0.3s)
[0.353s] -- Generating done (0.0s)
[0.354s] -- Build files have been written to: /home/jo-jo/ros2_ws/build/my_robot_description
[0.389s] Invoked command in '/home/jo-jo/ros2_ws/build/my_robot_description' returned '0': CMAKE_PREFIX_PATH=${CMAKE_PREFIX_PATH}:/opt/ros/jazzy DEBUGINFOD_URLS=https://debuginfod.ubuntu.com /usr/bin/cmake --build /home/jo-jo/ros2_ws/build/my_robot_description -- -j16 -l16
[0.390s] Invoking command in '/home/jo-jo/ros2_ws/build/my_robot_description': CMAKE_PREFIX_PATH=${CMAKE_PREFIX_PATH}:/opt/ros/jazzy DEBUGINFOD_URLS=https://debuginfod.ubuntu.com /usr/bin/cmake --install /home/jo-jo/ros2_ws/build/my_robot_description
[0.397s] -- Install configuration: ""
[0.397s] -- Up-to-date: /home/jo-jo/ros2_ws/install/my_robot_description/share/my_robot_description//urdf
[0.397s] -- Installing: /home/jo-jo/ros2_ws/install/my_robot_description/share/my_robot_description//urdf/test.urdf.xacro
[0.398s] -- Installing: /home/jo-jo/ros2_ws/install/my_robot_description/share/my_robot_description//urdf/common_properties.xacro
[0.398s] -- Installing: /home/jo-jo/ros2_ws/install/my_robot_description/share/my_robot_description//urdf/my_robot.urdf.xacro
[0.398s] -- Installing: /home/jo-jo/ros2_ws/install/my_robot_description/share/my_robot_description//urdf/mobile_base_gazebo.xacro
[0.398s] -- Installing: /home/jo-jo/ros2_ws/install/my_robot_description/share/my_robot_description//urdf/untested.urdf.xacro
[0.399s] -- Installing: /home/jo-jo/ros2_ws/install/my_robot_description/share/my_robot_description//urdf/pusharm.urdf.xacro
[0.399s] -- Up-to-date: /home/jo-jo/ros2_ws/install/my_robot_description/share/my_robot_description//launch
[0.399s] -- Installing: /home/jo-jo/ros2_ws/install/my_robot_description/share/my_robot_description//launch/display.launch.xml
[0.399s] -- Up-to-date: /home/jo-jo/ros2_ws/install/my_robot_description/share/my_robot_description//rviz
[0.400s] -- Installing: /home/jo-jo/ros2_ws/install/my_robot_description/share/my_robot_description//rviz/urdf_config1.rviz
[0.400s] -- Installing: /home/jo-jo/ros2_ws/install/my_robot_description/share/my_robot_description//rviz/urdf_config.rviz
[0.401s] -- Up-to-date: /home/jo-jo/ros2_ws/install/my_robot_description/share/ament_index/resource_index/package_run_dependencies/my_robot_description
[0.401s] -- Up-to-date: /home/jo-jo/ros2_ws/install/my_robot_description/share/ament_index/resource_index/parent_prefix_path/my_robot_description
[0.401s] -- Up-to-date: /home/jo-jo/ros2_ws/install/my_robot_description/share/my_robot_description/environment/ament_prefix_path.sh
[0.401s] -- Up-to-date: /home/jo-jo/ros2_ws/install/my_robot_description/share/my_robot_description/environment/ament_prefix_path.dsv
[0.401s] -- Up-to-date: /home/jo-jo/ros2_ws/install/my_robot_description/share/my_robot_description/environment/path.sh
[0.401s] -- Up-to-date: /home/jo-jo/ros2_ws/install/my_robot_description/share/my_robot_description/environment/path.dsv
[0.401s] -- Up-to-date: /home/jo-jo/ros2_ws/install/my_robot_description/share/my_robot_description/local_setup.bash
[0.401s] -- Up-to-date: /home/jo-jo/ros2_ws/install/my_robot_description/share/my_robot_description/local_setup.sh
[0.401s] -- Up-to-date: /home/jo-jo/ros2_ws/install/my_robot_description/share/my_robot_description/local_setup.zsh
[0.402s] -- Up-to-date: /home/jo-jo/ros2_ws/install/my_robot_description/share/my_robot_description/local_setup.dsv
[0.402s] -- Installing: /home/jo-jo/ros2_ws/install/my_robot_description/share/my_robot_description/package.dsv
[0.402s] -- Up-to-date: /home/jo-jo/ros2_ws/install/my_robot_description/share/ament_index/resource_index/packages/my_robot_description
[0.402s] -- Up-to-date: /home/jo-jo/ros2_ws/install/my_robot_description/share/my_robot_description/cmake/my_robot_descriptionConfig.cmake
[0.402s] -- Up-to-date: /home/jo-jo/ros2_ws/install/my_robot_description/share/my_robot_description/cmake/my_robot_descriptionConfig-version.cmake
[0.402s] -- Installing: /home/jo-jo/ros2_ws/install/my_robot_description/share/my_robot_description/package.xml
[0.403s] Invoked command in '/home/jo-jo/ros2_ws/build/my_robot_description' returned '0': CMAKE_PREFIX_PATH=${CMAKE_PREFIX_PATH}:/opt/ros/jazzy DEBUGINFOD_URLS=https://debuginfod.ubuntu.com /usr/bin/cmake --install /home/jo-jo/ros2_ws/build/my_robot_description
