[0.177s] DEBUG:colcon:Command line arguments: ['/usr/bin/colcon', 'build']
[0.177s] DEBUG:colcon:Parsed command line arguments: Namespace(log_base=None, log_level=None, verb_name='build', build_base='build', install_base='install', merge_install=False, symlink_install=False, test_result_base=None, continue_on_error=False, executor='parallel', parallel_workers=28, event_handlers=None, ignore_user_meta=False, metas=['./colcon.meta'], base_paths=['.'], packages_ignore=None, packages_ignore_regex=None, paths=None, packages_up_to=None, packages_up_to_regex=None, packages_above=None, packages_above_and_dependencies=None, packages_above_depth=None, packages_select_by_dep=None, packages_skip_by_dep=None, packages_skip_up_to=None, packages_select_build_failed=False, packages_skip_build_finished=False, packages_select_test_failures=False, packages_skip_test_passed=False, packages_select=None, packages_skip=None, packages_select_regex=None, packages_skip_regex=None, packages_start=None, packages_end=None, allow_overriding=[], cmake_args=None, cmake_target=None, cmake_target_skip_unavailable=False, cmake_clean_cache=False, cmake_clean_first=False, cmake_force_configure=False, ament_cmake_args=None, catkin_cmake_args=None, catkin_skip_building_tests=False, mixin_files=None, mixin=None, verb_parser=<colcon_mixin.mixin.mixin_argument.MixinArgumentDecorator object at 0x7ad30807ff80>, verb_extension=<colcon_core.verb.build.BuildVerb object at 0x7ad30807f9e0>, main=<bound method BuildVerb.main of <colcon_core.verb.build.BuildVerb object at 0x7ad30807f9e0>>, mixin_verb=('build',))
[0.208s] Level 1:colcon.colcon_core.package_discovery:discover_packages(colcon_meta) check parameters
[0.208s] Level 1:colcon.colcon_core.package_discovery:discover_packages(recursive) check parameters
[0.208s] Level 1:colcon.colcon_core.package_discovery:discover_packages(ignore) check parameters
[0.208s] Level 1:colcon.colcon_core.package_discovery:discover_packages(path) check parameters
[0.208s] Level 1:colcon.colcon_core.package_discovery:discover_packages(colcon_meta) discover
[0.208s] Level 1:colcon.colcon_core.package_discovery:discover_packages(recursive) discover
[0.208s] INFO:colcon.colcon_core.package_discovery:Crawling recursively for packages in '/home/jo-jo/ros2_ws'
[0.208s] Level 1:colcon.colcon_core.package_identification:_identify(.) by extensions ['ignore', 'ignore_ament_install']
[0.208s] Level 1:colcon.colcon_core.package_identification:_identify(.) by extension 'ignore'
[0.208s] Level 1:colcon.colcon_core.package_identification:_identify(.) by extension 'ignore_ament_install'
[0.208s] Level 1:colcon.colcon_core.package_identification:_identify(.) by extensions ['colcon_pkg']
[0.208s] Level 1:colcon.colcon_core.package_identification:_identify(.) by extension 'colcon_pkg'
[0.208s] Level 1:colcon.colcon_core.package_identification:_identify(.) by extensions ['colcon_meta']
[0.208s] Level 1:colcon.colcon_core.package_identification:_identify(.) by extension 'colcon_meta'
[0.208s] Level 1:colcon.colcon_core.package_identification:_identify(.) by extensions ['ros']
[0.208s] Level 1:colcon.colcon_core.package_identification:_identify(.) by extension 'ros'
[0.228s] Level 1:colcon.colcon_core.package_identification:_identify(.) by extensions ['cmake', 'python']
[0.228s] Level 1:colcon.colcon_core.package_identification:_identify(.) by extension 'cmake'
[0.228s] Level 1:colcon.colcon_core.package_identification:_identify(.) by extension 'python'
[0.228s] Level 1:colcon.colcon_core.package_identification:_identify(.) by extensions ['python_setup_py']
[0.228s] Level 1:colcon.colcon_core.package_identification:_identify(.) by extension 'python_setup_py'
[0.228s] Level 1:colcon.colcon_core.package_identification:_identify(build) by extensions ['ignore', 'ignore_ament_install']
[0.228s] Level 1:colcon.colcon_core.package_identification:_identify(build) by extension 'ignore'
[0.228s] Level 1:colcon.colcon_core.package_identification:_identify(build) ignored
[0.228s] Level 1:colcon.colcon_core.package_identification:_identify(install) by extensions ['ignore', 'ignore_ament_install']
[0.228s] Level 1:colcon.colcon_core.package_identification:_identify(install) by extension 'ignore'
[0.228s] Level 1:colcon.colcon_core.package_identification:_identify(install) ignored
[0.228s] Level 1:colcon.colcon_core.package_identification:_identify(log) by extensions ['ignore', 'ignore_ament_install']
[0.228s] Level 1:colcon.colcon_core.package_identification:_identify(log) by extension 'ignore'
[0.228s] Level 1:colcon.colcon_core.package_identification:_identify(log) ignored
[0.228s] Level 1:colcon.colcon_core.package_identification:_identify(src) by extensions ['ignore', 'ignore_ament_install']
[0.228s] Level 1:colcon.colcon_core.package_identification:_identify(src) by extension 'ignore'
[0.228s] Level 1:colcon.colcon_core.package_identification:_identify(src) by extension 'ignore_ament_install'
[0.228s] Level 1:colcon.colcon_core.package_identification:_identify(src) by extensions ['colcon_pkg']
[0.228s] Level 1:colcon.colcon_core.package_identification:_identify(src) by extension 'colcon_pkg'
[0.228s] Level 1:colcon.colcon_core.package_identification:_identify(src) by extensions ['colcon_meta']
[0.228s] Level 1:colcon.colcon_core.package_identification:_identify(src) by extension 'colcon_meta'
[0.228s] Level 1:colcon.colcon_core.package_identification:_identify(src) by extensions ['ros']
[0.228s] Level 1:colcon.colcon_core.package_identification:_identify(src) by extension 'ros'
[0.229s] Level 1:colcon.colcon_core.package_identification:_identify(src) by extensions ['cmake', 'python']
[0.229s] Level 1:colcon.colcon_core.package_identification:_identify(src) by extension 'cmake'
[0.229s] Level 1:colcon.colcon_core.package_identification:_identify(src) by extension 'python'
[0.229s] Level 1:colcon.colcon_core.package_identification:_identify(src) by extensions ['python_setup_py']
[0.229s] Level 1:colcon.colcon_core.package_identification:_identify(src) by extension 'python_setup_py'
[0.229s] Level 1:colcon.colcon_core.package_identification:_identify(src/build) by extensions ['ignore', 'ignore_ament_install']
[0.229s] Level 1:colcon.colcon_core.package_identification:_identify(src/build) by extension 'ignore'
[0.229s] Level 1:colcon.colcon_core.package_identification:_identify(src/build) by extension 'ignore_ament_install'
[0.229s] Level 1:colcon.colcon_core.package_identification:_identify(src/build) by extensions ['colcon_pkg']
[0.229s] Level 1:colcon.colcon_core.package_identification:_identify(src/build) by extension 'colcon_pkg'
[0.229s] Level 1:colcon.colcon_core.package_identification:_identify(src/build) by extensions ['colcon_meta']
[0.229s] Level 1:colcon.colcon_core.package_identification:_identify(src/build) by extension 'colcon_meta'
[0.229s] Level 1:colcon.colcon_core.package_identification:_identify(src/build) by extensions ['ros']
[0.229s] Level 1:colcon.colcon_core.package_identification:_identify(src/build) by extension 'ros'
[0.229s] Level 1:colcon.colcon_core.package_identification:_identify(src/build) by extensions ['cmake', 'python']
[0.229s] Level 1:colcon.colcon_core.package_identification:_identify(src/build) by extension 'cmake'
[0.229s] Level 1:colcon.colcon_core.package_identification:_identify(src/build) by extension 'python'
[0.229s] Level 1:colcon.colcon_core.package_identification:_identify(src/build) by extensions ['python_setup_py']
[0.229s] Level 1:colcon.colcon_core.package_identification:_identify(src/build) by extension 'python_setup_py'
[0.229s] Level 1:colcon.colcon_core.package_identification:_identify(src/build/my_robot_bringup) by extensions ['ignore', 'ignore_ament_install']
[0.229s] Level 1:colcon.colcon_core.package_identification:_identify(src/build/my_robot_bringup) by extension 'ignore'
[0.229s] Level 1:colcon.colcon_core.package_identification:_identify(src/build/my_robot_bringup) by extension 'ignore_ament_install'
[0.229s] Level 1:colcon.colcon_core.package_identification:_identify(src/build/my_robot_bringup) by extensions ['colcon_pkg']
[0.229s] Level 1:colcon.colcon_core.package_identification:_identify(src/build/my_robot_bringup) by extension 'colcon_pkg'
[0.229s] Level 1:colcon.colcon_core.package_identification:_identify(src/build/my_robot_bringup) by extensions ['colcon_meta']
[0.229s] Level 1:colcon.colcon_core.package_identification:_identify(src/build/my_robot_bringup) by extension 'colcon_meta'
[0.229s] Level 1:colcon.colcon_core.package_identification:_identify(src/build/my_robot_bringup) by extensions ['ros']
[0.229s] Level 1:colcon.colcon_core.package_identification:_identify(src/build/my_robot_bringup) by extension 'ros'
[0.229s] Level 1:colcon.colcon_core.package_identification:_identify(src/build/my_robot_bringup) by extensions ['cmake', 'python']
[0.229s] Level 1:colcon.colcon_core.package_identification:_identify(src/build/my_robot_bringup) by extension 'cmake'
[0.229s] Level 1:colcon.colcon_core.package_identification:_identify(src/build/my_robot_bringup) by extension 'python'
[0.229s] Level 1:colcon.colcon_core.package_identification:_identify(src/build/my_robot_bringup) by extensions ['python_setup_py']
[0.229s] Level 1:colcon.colcon_core.package_identification:_identify(src/build/my_robot_bringup) by extension 'python_setup_py'
[0.229s] Level 1:colcon.colcon_core.package_identification:_identify(src/build/my_robot_bringup/CMakeFiles) by extensions ['ignore', 'ignore_ament_install']
[0.229s] Level 1:colcon.colcon_core.package_identification:_identify(src/build/my_robot_bringup/CMakeFiles) by extension 'ignore'
[0.229s] Level 1:colcon.colcon_core.package_identification:_identify(src/build/my_robot_bringup/CMakeFiles) by extension 'ignore_ament_install'
[0.230s] Level 1:colcon.colcon_core.package_identification:_identify(src/build/my_robot_bringup/CMakeFiles) by extensions ['colcon_pkg']
[0.230s] Level 1:colcon.colcon_core.package_identification:_identify(src/build/my_robot_bringup/CMakeFiles) by extension 'colcon_pkg'
[0.230s] Level 1:colcon.colcon_core.package_identification:_identify(src/build/my_robot_bringup/CMakeFiles) by extensions ['colcon_meta']
[0.230s] Level 1:colcon.colcon_core.package_identification:_identify(src/build/my_robot_bringup/CMakeFiles) by extension 'colcon_meta'
[0.230s] Level 1:colcon.colcon_core.package_identification:_identify(src/build/my_robot_bringup/CMakeFiles) by extensions ['ros']
[0.230s] Level 1:colcon.colcon_core.package_identification:_identify(src/build/my_robot_bringup/CMakeFiles) by extension 'ros'
[0.230s] Level 1:colcon.colcon_core.package_identification:_identify(src/build/my_robot_bringup/CMakeFiles) by extensions ['cmake', 'python']
[0.230s] Level 1:colcon.colcon_core.package_identification:_identify(src/build/my_robot_bringup/CMakeFiles) by extension 'cmake'
[0.230s] Level 1:colcon.colcon_core.package_identification:_identify(src/build/my_robot_bringup/CMakeFiles) by extension 'python'
[0.230s] Level 1:colcon.colcon_core.package_identification:_identify(src/build/my_robot_bringup/CMakeFiles) by extensions ['python_setup_py']
[0.230s] Level 1:colcon.colcon_core.package_identification:_identify(src/build/my_robot_bringup/CMakeFiles) by extension 'python_setup_py'
[0.230s] Level 1:colcon.colcon_core.package_identification:_identify(src/build/my_robot_bringup/CMakeFiles/3.28.3) by extensions ['ignore', 'ignore_ament_install']
[0.230s] Level 1:colcon.colcon_core.package_identification:_identify(src/build/my_robot_bringup/CMakeFiles/3.28.3) by extension 'ignore'
[0.230s] Level 1:colcon.colcon_core.package_identification:_identify(src/build/my_robot_bringup/CMakeFiles/3.28.3) by extension 'ignore_ament_install'
[0.230s] Level 1:colcon.colcon_core.package_identification:_identify(src/build/my_robot_bringup/CMakeFiles/3.28.3) by extensions ['colcon_pkg']
[0.230s] Level 1:colcon.colcon_core.package_identification:_identify(src/build/my_robot_bringup/CMakeFiles/3.28.3) by extension 'colcon_pkg'
[0.230s] Level 1:colcon.colcon_core.package_identification:_identify(src/build/my_robot_bringup/CMakeFiles/3.28.3) by extensions ['colcon_meta']
[0.230s] Level 1:colcon.colcon_core.package_identification:_identify(src/build/my_robot_bringup/CMakeFiles/3.28.3) by extension 'colcon_meta'
[0.230s] Level 1:colcon.colcon_core.package_identification:_identify(src/build/my_robot_bringup/CMakeFiles/3.28.3) by extensions ['ros']
[0.230s] Level 1:colcon.colcon_core.package_identification:_identify(src/build/my_robot_bringup/CMakeFiles/3.28.3) by extension 'ros'
[0.230s] Level 1:colcon.colcon_core.package_identification:_identify(src/build/my_robot_bringup/CMakeFiles/3.28.3) by extensions ['cmake', 'python']
[0.230s] Level 1:colcon.colcon_core.package_identification:_identify(src/build/my_robot_bringup/CMakeFiles/3.28.3) by extension 'cmake'
[0.230s] Level 1:colcon.colcon_core.package_identification:_identify(src/build/my_robot_bringup/CMakeFiles/3.28.3) by extension 'python'
[0.230s] Level 1:colcon.colcon_core.package_identification:_identify(src/build/my_robot_bringup/CMakeFiles/3.28.3) by extensions ['python_setup_py']
[0.230s] Level 1:colcon.colcon_core.package_identification:_identify(src/build/my_robot_bringup/CMakeFiles/3.28.3) by extension 'python_setup_py'
[0.230s] Level 1:colcon.colcon_core.package_identification:_identify(src/build/my_robot_bringup/CMakeFiles/3.28.3/CompilerIdC) by extensions ['ignore', 'ignore_ament_install']
[0.230s] Level 1:colcon.colcon_core.package_identification:_identify(src/build/my_robot_bringup/CMakeFiles/3.28.3/CompilerIdC) by extension 'ignore'
[0.230s] Level 1:colcon.colcon_core.package_identification:_identify(src/build/my_robot_bringup/CMakeFiles/3.28.3/CompilerIdC) by extension 'ignore_ament_install'
[0.230s] Level 1:colcon.colcon_core.package_identification:_identify(src/build/my_robot_bringup/CMakeFiles/3.28.3/CompilerIdC) by extensions ['colcon_pkg']
[0.230s] Level 1:colcon.colcon_core.package_identification:_identify(src/build/my_robot_bringup/CMakeFiles/3.28.3/CompilerIdC) by extension 'colcon_pkg'
[0.230s] Level 1:colcon.colcon_core.package_identification:_identify(src/build/my_robot_bringup/CMakeFiles/3.28.3/CompilerIdC) by extensions ['colcon_meta']
[0.230s] Level 1:colcon.colcon_core.package_identification:_identify(src/build/my_robot_bringup/CMakeFiles/3.28.3/CompilerIdC) by extension 'colcon_meta'
[0.230s] Level 1:colcon.colcon_core.package_identification:_identify(src/build/my_robot_bringup/CMakeFiles/3.28.3/CompilerIdC) by extensions ['ros']
[0.230s] Level 1:colcon.colcon_core.package_identification:_identify(src/build/my_robot_bringup/CMakeFiles/3.28.3/CompilerIdC) by extension 'ros'
[0.230s] Level 1:colcon.colcon_core.package_identification:_identify(src/build/my_robot_bringup/CMakeFiles/3.28.3/CompilerIdC) by extensions ['cmake', 'python']
[0.230s] Level 1:colcon.colcon_core.package_identification:_identify(src/build/my_robot_bringup/CMakeFiles/3.28.3/CompilerIdC) by extension 'cmake'
[0.230s] Level 1:colcon.colcon_core.package_identification:_identify(src/build/my_robot_bringup/CMakeFiles/3.28.3/CompilerIdC) by extension 'python'
[0.230s] Level 1:colcon.colcon_core.package_identification:_identify(src/build/my_robot_bringup/CMakeFiles/3.28.3/CompilerIdC) by extensions ['python_setup_py']
[0.230s] Level 1:colcon.colcon_core.package_identification:_identify(src/build/my_robot_bringup/CMakeFiles/3.28.3/CompilerIdC) by extension 'python_setup_py'
[0.230s] Level 1:colcon.colcon_core.package_identification:_identify(src/build/my_robot_bringup/CMakeFiles/3.28.3/CompilerIdC/tmp) by extensions ['ignore', 'ignore_ament_install']
[0.231s] Level 1:colcon.colcon_core.package_identification:_identify(src/build/my_robot_bringup/CMakeFiles/3.28.3/CompilerIdC/tmp) by extension 'ignore'
[0.231s] Level 1:colcon.colcon_core.package_identification:_identify(src/build/my_robot_bringup/CMakeFiles/3.28.3/CompilerIdC/tmp) by extension 'ignore_ament_install'
[0.231s] Level 1:colcon.colcon_core.package_identification:_identify(src/build/my_robot_bringup/CMakeFiles/3.28.3/CompilerIdC/tmp) by extensions ['colcon_pkg']
[0.231s] Level 1:colcon.colcon_core.package_identification:_identify(src/build/my_robot_bringup/CMakeFiles/3.28.3/CompilerIdC/tmp) by extension 'colcon_pkg'
[0.231s] Level 1:colcon.colcon_core.package_identification:_identify(src/build/my_robot_bringup/CMakeFiles/3.28.3/CompilerIdC/tmp) by extensions ['colcon_meta']
[0.231s] Level 1:colcon.colcon_core.package_identification:_identify(src/build/my_robot_bringup/CMakeFiles/3.28.3/CompilerIdC/tmp) by extension 'colcon_meta'
[0.231s] Level 1:colcon.colcon_core.package_identification:_identify(src/build/my_robot_bringup/CMakeFiles/3.28.3/CompilerIdC/tmp) by extensions ['ros']
[0.231s] Level 1:colcon.colcon_core.package_identification:_identify(src/build/my_robot_bringup/CMakeFiles/3.28.3/CompilerIdC/tmp) by extension 'ros'
[0.231s] Level 1:colcon.colcon_core.package_identification:_identify(src/build/my_robot_bringup/CMakeFiles/3.28.3/CompilerIdC/tmp) by extensions ['cmake', 'python']
[0.231s] Level 1:colcon.colcon_core.package_identification:_identify(src/build/my_robot_bringup/CMakeFiles/3.28.3/CompilerIdC/tmp) by extension 'cmake'
[0.231s] Level 1:colcon.colcon_core.package_identification:_identify(src/build/my_robot_bringup/CMakeFiles/3.28.3/CompilerIdC/tmp) by extension 'python'
[0.231s] Level 1:colcon.colcon_core.package_identification:_identify(src/build/my_robot_bringup/CMakeFiles/3.28.3/CompilerIdC/tmp) by extensions ['python_setup_py']
[0.231s] Level 1:colcon.colcon_core.package_identification:_identify(src/build/my_robot_bringup/CMakeFiles/3.28.3/CompilerIdC/tmp) by extension 'python_setup_py'
[0.231s] Level 1:colcon.colcon_core.package_identification:_identify(src/build/my_robot_bringup/CMakeFiles/3.28.3/CompilerIdCXX) by extensions ['ignore', 'ignore_ament_install']
[0.231s] Level 1:colcon.colcon_core.package_identification:_identify(src/build/my_robot_bringup/CMakeFiles/3.28.3/CompilerIdCXX) by extension 'ignore'
[0.231s] Level 1:colcon.colcon_core.package_identification:_identify(src/build/my_robot_bringup/CMakeFiles/3.28.3/CompilerIdCXX) by extension 'ignore_ament_install'
[0.231s] Level 1:colcon.colcon_core.package_identification:_identify(src/build/my_robot_bringup/CMakeFiles/3.28.3/CompilerIdCXX) by extensions ['colcon_pkg']
[0.231s] Level 1:colcon.colcon_core.package_identification:_identify(src/build/my_robot_bringup/CMakeFiles/3.28.3/CompilerIdCXX) by extension 'colcon_pkg'
[0.231s] Level 1:colcon.colcon_core.package_identification:_identify(src/build/my_robot_bringup/CMakeFiles/3.28.3/CompilerIdCXX) by extensions ['colcon_meta']
[0.231s] Level 1:colcon.colcon_core.package_identification:_identify(src/build/my_robot_bringup/CMakeFiles/3.28.3/CompilerIdCXX) by extension 'colcon_meta'
[0.231s] Level 1:colcon.colcon_core.package_identification:_identify(src/build/my_robot_bringup/CMakeFiles/3.28.3/CompilerIdCXX) by extensions ['ros']
[0.231s] Level 1:colcon.colcon_core.package_identification:_identify(src/build/my_robot_bringup/CMakeFiles/3.28.3/CompilerIdCXX) by extension 'ros'
[0.231s] Level 1:colcon.colcon_core.package_identification:_identify(src/build/my_robot_bringup/CMakeFiles/3.28.3/CompilerIdCXX) by extensions ['cmake', 'python']
[0.231s] Level 1:colcon.colcon_core.package_identification:_identify(src/build/my_robot_bringup/CMakeFiles/3.28.3/CompilerIdCXX) by extension 'cmake'
[0.231s] Level 1:colcon.colcon_core.package_identification:_identify(src/build/my_robot_bringup/CMakeFiles/3.28.3/CompilerIdCXX) by extension 'python'
[0.231s] Level 1:colcon.colcon_core.package_identification:_identify(src/build/my_robot_bringup/CMakeFiles/3.28.3/CompilerIdCXX) by extensions ['python_setup_py']
[0.231s] Level 1:colcon.colcon_core.package_identification:_identify(src/build/my_robot_bringup/CMakeFiles/3.28.3/CompilerIdCXX) by extension 'python_setup_py'
[0.232s] Level 1:colcon.colcon_core.package_identification:_identify(src/build/my_robot_bringup/CMakeFiles/3.28.3/CompilerIdCXX/tmp) by extensions ['ignore', 'ignore_ament_install']
[0.232s] Level 1:colcon.colcon_core.package_identification:_identify(src/build/my_robot_bringup/CMakeFiles/3.28.3/CompilerIdCXX/tmp) by extension 'ignore'
[0.232s] Level 1:colcon.colcon_core.package_identification:_identify(src/build/my_robot_bringup/CMakeFiles/3.28.3/CompilerIdCXX/tmp) by extension 'ignore_ament_install'
[0.232s] Level 1:colcon.colcon_core.package_identification:_identify(src/build/my_robot_bringup/CMakeFiles/3.28.3/CompilerIdCXX/tmp) by extensions ['colcon_pkg']
[0.232s] Level 1:colcon.colcon_core.package_identification:_identify(src/build/my_robot_bringup/CMakeFiles/3.28.3/CompilerIdCXX/tmp) by extension 'colcon_pkg'
[0.232s] Level 1:colcon.colcon_core.package_identification:_identify(src/build/my_robot_bringup/CMakeFiles/3.28.3/CompilerIdCXX/tmp) by extensions ['colcon_meta']
[0.232s] Level 1:colcon.colcon_core.package_identification:_identify(src/build/my_robot_bringup/CMakeFiles/3.28.3/CompilerIdCXX/tmp) by extension 'colcon_meta'
[0.232s] Level 1:colcon.colcon_core.package_identification:_identify(src/build/my_robot_bringup/CMakeFiles/3.28.3/CompilerIdCXX/tmp) by extensions ['ros']
[0.232s] Level 1:colcon.colcon_core.package_identification:_identify(src/build/my_robot_bringup/CMakeFiles/3.28.3/CompilerIdCXX/tmp) by extension 'ros'
[0.232s] Level 1:colcon.colcon_core.package_identification:_identify(src/build/my_robot_bringup/CMakeFiles/3.28.3/CompilerIdCXX/tmp) by extensions ['cmake', 'python']
[0.232s] Level 1:colcon.colcon_core.package_identification:_identify(src/build/my_robot_bringup/CMakeFiles/3.28.3/CompilerIdCXX/tmp) by extension 'cmake'
[0.232s] Level 1:colcon.colcon_core.package_identification:_identify(src/build/my_robot_bringup/CMakeFiles/3.28.3/CompilerIdCXX/tmp) by extension 'python'
[0.232s] Level 1:colcon.colcon_core.package_identification:_identify(src/build/my_robot_bringup/CMakeFiles/3.28.3/CompilerIdCXX/tmp) by extensions ['python_setup_py']
[0.232s] Level 1:colcon.colcon_core.package_identification:_identify(src/build/my_robot_bringup/CMakeFiles/3.28.3/CompilerIdCXX/tmp) by extension 'python_setup_py'
[0.232s] Level 1:colcon.colcon_core.package_identification:_identify(src/build/my_robot_bringup/CMakeFiles/CMakeScratch) by extensions ['ignore', 'ignore_ament_install']
[0.232s] Level 1:colcon.colcon_core.package_identification:_identify(src/build/my_robot_bringup/CMakeFiles/CMakeScratch) by extension 'ignore'
[0.232s] Level 1:colcon.colcon_core.package_identification:_identify(src/build/my_robot_bringup/CMakeFiles/CMakeScratch) by extension 'ignore_ament_install'
[0.232s] Level 1:colcon.colcon_core.package_identification:_identify(src/build/my_robot_bringup/CMakeFiles/CMakeScratch) by extensions ['colcon_pkg']
[0.232s] Level 1:colcon.colcon_core.package_identification:_identify(src/build/my_robot_bringup/CMakeFiles/CMakeScratch) by extension 'colcon_pkg'
[0.232s] Level 1:colcon.colcon_core.package_identification:_identify(src/build/my_robot_bringup/CMakeFiles/CMakeScratch) by extensions ['colcon_meta']
[0.232s] Level 1:colcon.colcon_core.package_identification:_identify(src/build/my_robot_bringup/CMakeFiles/CMakeScratch) by extension 'colcon_meta'
[0.233s] Level 1:colcon.colcon_core.package_identification:_identify(src/build/my_robot_bringup/CMakeFiles/CMakeScratch) by extensions ['ros']
[0.233s] Level 1:colcon.colcon_core.package_identification:_identify(src/build/my_robot_bringup/CMakeFiles/CMakeScratch) by extension 'ros'
[0.233s] Level 1:colcon.colcon_core.package_identification:_identify(src/build/my_robot_bringup/CMakeFiles/CMakeScratch) by extensions ['cmake', 'python']
[0.233s] Level 1:colcon.colcon_core.package_identification:_identify(src/build/my_robot_bringup/CMakeFiles/CMakeScratch) by extension 'cmake'
[0.233s] Level 1:colcon.colcon_core.package_identification:_identify(src/build/my_robot_bringup/CMakeFiles/CMakeScratch) by extension 'python'
[0.233s] Level 1:colcon.colcon_core.package_identification:_identify(src/build/my_robot_bringup/CMakeFiles/CMakeScratch) by extensions ['python_setup_py']
[0.233s] Level 1:colcon.colcon_core.package_identification:_identify(src/build/my_robot_bringup/CMakeFiles/CMakeScratch) by extension 'python_setup_py'
[0.233s] Level 1:colcon.colcon_core.package_identification:_identify(src/build/my_robot_bringup/CMakeFiles/pkgRedirects) by extensions ['ignore', 'ignore_ament_install']
[0.233s] Level 1:colcon.colcon_core.package_identification:_identify(src/build/my_robot_bringup/CMakeFiles/pkgRedirects) by extension 'ignore'
[0.233s] Level 1:colcon.colcon_core.package_identification:_identify(src/build/my_robot_bringup/CMakeFiles/pkgRedirects) by extension 'ignore_ament_install'
[0.233s] Level 1:colcon.colcon_core.package_identification:_identify(src/build/my_robot_bringup/CMakeFiles/pkgRedirects) by extensions ['colcon_pkg']
[0.233s] Level 1:colcon.colcon_core.package_identification:_identify(src/build/my_robot_bringup/CMakeFiles/pkgRedirects) by extension 'colcon_pkg'
[0.233s] Level 1:colcon.colcon_core.package_identification:_identify(src/build/my_robot_bringup/CMakeFiles/pkgRedirects) by extensions ['colcon_meta']
[0.233s] Level 1:colcon.colcon_core.package_identification:_identify(src/build/my_robot_bringup/CMakeFiles/pkgRedirects) by extension 'colcon_meta'
[0.233s] Level 1:colcon.colcon_core.package_identification:_identify(src/build/my_robot_bringup/CMakeFiles/pkgRedirects) by extensions ['ros']
[0.233s] Level 1:colcon.colcon_core.package_identification:_identify(src/build/my_robot_bringup/CMakeFiles/pkgRedirects) by extension 'ros'
[0.233s] Level 1:colcon.colcon_core.package_identification:_identify(src/build/my_robot_bringup/CMakeFiles/pkgRedirects) by extensions ['cmake', 'python']
[0.233s] Level 1:colcon.colcon_core.package_identification:_identify(src/build/my_robot_bringup/CMakeFiles/pkgRedirects) by extension 'cmake'
[0.233s] Level 1:colcon.colcon_core.package_identification:_identify(src/build/my_robot_bringup/CMakeFiles/pkgRedirects) by extension 'python'
[0.233s] Level 1:colcon.colcon_core.package_identification:_identify(src/build/my_robot_bringup/CMakeFiles/pkgRedirects) by extensions ['python_setup_py']
[0.233s] Level 1:colcon.colcon_core.package_identification:_identify(src/build/my_robot_bringup/CMakeFiles/pkgRedirects) by extension 'python_setup_py'
[0.234s] Level 1:colcon.colcon_core.package_identification:_identify(src/build/my_robot_description) by extensions ['ignore', 'ignore_ament_install']
[0.234s] Level 1:colcon.colcon_core.package_identification:_identify(src/build/my_robot_description) by extension 'ignore'
[0.234s] Level 1:colcon.colcon_core.package_identification:_identify(src/build/my_robot_description) by extension 'ignore_ament_install'
[0.234s] Level 1:colcon.colcon_core.package_identification:_identify(src/build/my_robot_description) by extensions ['colcon_pkg']
[0.234s] Level 1:colcon.colcon_core.package_identification:_identify(src/build/my_robot_description) by extension 'colcon_pkg'
[0.234s] Level 1:colcon.colcon_core.package_identification:_identify(src/build/my_robot_description) by extensions ['colcon_meta']
[0.234s] Level 1:colcon.colcon_core.package_identification:_identify(src/build/my_robot_description) by extension 'colcon_meta'
[0.234s] Level 1:colcon.colcon_core.package_identification:_identify(src/build/my_robot_description) by extensions ['ros']
[0.234s] Level 1:colcon.colcon_core.package_identification:_identify(src/build/my_robot_description) by extension 'ros'
[0.234s] Level 1:colcon.colcon_core.package_identification:_identify(src/build/my_robot_description) by extensions ['cmake', 'python']
[0.234s] Level 1:colcon.colcon_core.package_identification:_identify(src/build/my_robot_description) by extension 'cmake'
[0.234s] Level 1:colcon.colcon_core.package_identification:_identify(src/build/my_robot_description) by extension 'python'
[0.234s] Level 1:colcon.colcon_core.package_identification:_identify(src/build/my_robot_description) by extensions ['python_setup_py']
[0.234s] Level 1:colcon.colcon_core.package_identification:_identify(src/build/my_robot_description) by extension 'python_setup_py'
[0.234s] Level 1:colcon.colcon_core.package_identification:_identify(src/build/my_robot_description/CMakeFiles) by extensions ['ignore', 'ignore_ament_install']
[0.234s] Level 1:colcon.colcon_core.package_identification:_identify(src/build/my_robot_description/CMakeFiles) by extension 'ignore'
[0.234s] Level 1:colcon.colcon_core.package_identification:_identify(src/build/my_robot_description/CMakeFiles) by extension 'ignore_ament_install'
[0.234s] Level 1:colcon.colcon_core.package_identification:_identify(src/build/my_robot_description/CMakeFiles) by extensions ['colcon_pkg']
[0.234s] Level 1:colcon.colcon_core.package_identification:_identify(src/build/my_robot_description/CMakeFiles) by extension 'colcon_pkg'
[0.235s] Level 1:colcon.colcon_core.package_identification:_identify(src/build/my_robot_description/CMakeFiles) by extensions ['colcon_meta']
[0.235s] Level 1:colcon.colcon_core.package_identification:_identify(src/build/my_robot_description/CMakeFiles) by extension 'colcon_meta'
[0.235s] Level 1:colcon.colcon_core.package_identification:_identify(src/build/my_robot_description/CMakeFiles) by extensions ['ros']
[0.235s] Level 1:colcon.colcon_core.package_identification:_identify(src/build/my_robot_description/CMakeFiles) by extension 'ros'
[0.235s] Level 1:colcon.colcon_core.package_identification:_identify(src/build/my_robot_description/CMakeFiles) by extensions ['cmake', 'python']
[0.235s] Level 1:colcon.colcon_core.package_identification:_identify(src/build/my_robot_description/CMakeFiles) by extension 'cmake'
[0.235s] Level 1:colcon.colcon_core.package_identification:_identify(src/build/my_robot_description/CMakeFiles) by extension 'python'
[0.235s] Level 1:colcon.colcon_core.package_identification:_identify(src/build/my_robot_description/CMakeFiles) by extensions ['python_setup_py']
[0.235s] Level 1:colcon.colcon_core.package_identification:_identify(src/build/my_robot_description/CMakeFiles) by extension 'python_setup_py'
[0.235s] Level 1:colcon.colcon_core.package_identification:_identify(src/build/my_robot_description/CMakeFiles/3.28.3) by extensions ['ignore', 'ignore_ament_install']
[0.235s] Level 1:colcon.colcon_core.package_identification:_identify(src/build/my_robot_description/CMakeFiles/3.28.3) by extension 'ignore'
[0.235s] Level 1:colcon.colcon_core.package_identification:_identify(src/build/my_robot_description/CMakeFiles/3.28.3) by extension 'ignore_ament_install'
[0.235s] Level 1:colcon.colcon_core.package_identification:_identify(src/build/my_robot_description/CMakeFiles/3.28.3) by extensions ['colcon_pkg']
[0.235s] Level 1:colcon.colcon_core.package_identification:_identify(src/build/my_robot_description/CMakeFiles/3.28.3) by extension 'colcon_pkg'
[0.235s] Level 1:colcon.colcon_core.package_identification:_identify(src/build/my_robot_description/CMakeFiles/3.28.3) by extensions ['colcon_meta']
[0.235s] Level 1:colcon.colcon_core.package_identification:_identify(src/build/my_robot_description/CMakeFiles/3.28.3) by extension 'colcon_meta'
[0.235s] Level 1:colcon.colcon_core.package_identification:_identify(src/build/my_robot_description/CMakeFiles/3.28.3) by extensions ['ros']
[0.235s] Level 1:colcon.colcon_core.package_identification:_identify(src/build/my_robot_description/CMakeFiles/3.28.3) by extension 'ros'
[0.235s] Level 1:colcon.colcon_core.package_identification:_identify(src/build/my_robot_description/CMakeFiles/3.28.3) by extensions ['cmake', 'python']
[0.235s] Level 1:colcon.colcon_core.package_identification:_identify(src/build/my_robot_description/CMakeFiles/3.28.3) by extension 'cmake'
[0.236s] Level 1:colcon.colcon_core.package_identification:_identify(src/build/my_robot_description/CMakeFiles/3.28.3) by extension 'python'
[0.236s] Level 1:colcon.colcon_core.package_identification:_identify(src/build/my_robot_description/CMakeFiles/3.28.3) by extensions ['python_setup_py']
[0.236s] Level 1:colcon.colcon_core.package_identification:_identify(src/build/my_robot_description/CMakeFiles/3.28.3) by extension 'python_setup_py'
[0.236s] Level 1:colcon.colcon_core.package_identification:_identify(src/build/my_robot_description/CMakeFiles/3.28.3/CompilerIdC) by extensions ['ignore', 'ignore_ament_install']
[0.236s] Level 1:colcon.colcon_core.package_identification:_identify(src/build/my_robot_description/CMakeFiles/3.28.3/CompilerIdC) by extension 'ignore'
[0.236s] Level 1:colcon.colcon_core.package_identification:_identify(src/build/my_robot_description/CMakeFiles/3.28.3/CompilerIdC) by extension 'ignore_ament_install'
[0.236s] Level 1:colcon.colcon_core.package_identification:_identify(src/build/my_robot_description/CMakeFiles/3.28.3/CompilerIdC) by extensions ['colcon_pkg']
[0.236s] Level 1:colcon.colcon_core.package_identification:_identify(src/build/my_robot_description/CMakeFiles/3.28.3/CompilerIdC) by extension 'colcon_pkg'
[0.236s] Level 1:colcon.colcon_core.package_identification:_identify(src/build/my_robot_description/CMakeFiles/3.28.3/CompilerIdC) by extensions ['colcon_meta']
[0.236s] Level 1:colcon.colcon_core.package_identification:_identify(src/build/my_robot_description/CMakeFiles/3.28.3/CompilerIdC) by extension 'colcon_meta'
[0.236s] Level 1:colcon.colcon_core.package_identification:_identify(src/build/my_robot_description/CMakeFiles/3.28.3/CompilerIdC) by extensions ['ros']
[0.236s] Level 1:colcon.colcon_core.package_identification:_identify(src/build/my_robot_description/CMakeFiles/3.28.3/CompilerIdC) by extension 'ros'
[0.236s] Level 1:colcon.colcon_core.package_identification:_identify(src/build/my_robot_description/CMakeFiles/3.28.3/CompilerIdC) by extensions ['cmake', 'python']
[0.236s] Level 1:colcon.colcon_core.package_identification:_identify(src/build/my_robot_description/CMakeFiles/3.28.3/CompilerIdC) by extension 'cmake'
[0.236s] Level 1:colcon.colcon_core.package_identification:_identify(src/build/my_robot_description/CMakeFiles/3.28.3/CompilerIdC) by extension 'python'
[0.236s] Level 1:colcon.colcon_core.package_identification:_identify(src/build/my_robot_description/CMakeFiles/3.28.3/CompilerIdC) by extensions ['python_setup_py']
[0.236s] Level 1:colcon.colcon_core.package_identification:_identify(src/build/my_robot_description/CMakeFiles/3.28.3/CompilerIdC) by extension 'python_setup_py'
[0.236s] Level 1:colcon.colcon_core.package_identification:_identify(src/build/my_robot_description/CMakeFiles/3.28.3/CompilerIdC/tmp) by extensions ['ignore', 'ignore_ament_install']
[0.236s] Level 1:colcon.colcon_core.package_identification:_identify(src/build/my_robot_description/CMakeFiles/3.28.3/CompilerIdC/tmp) by extension 'ignore'
[0.236s] Level 1:colcon.colcon_core.package_identification:_identify(src/build/my_robot_description/CMakeFiles/3.28.3/CompilerIdC/tmp) by extension 'ignore_ament_install'
[0.236s] Level 1:colcon.colcon_core.package_identification:_identify(src/build/my_robot_description/CMakeFiles/3.28.3/CompilerIdC/tmp) by extensions ['colcon_pkg']
[0.236s] Level 1:colcon.colcon_core.package_identification:_identify(src/build/my_robot_description/CMakeFiles/3.28.3/CompilerIdC/tmp) by extension 'colcon_pkg'
[0.236s] Level 1:colcon.colcon_core.package_identification:_identify(src/build/my_robot_description/CMakeFiles/3.28.3/CompilerIdC/tmp) by extensions ['colcon_meta']
[0.236s] Level 1:colcon.colcon_core.package_identification:_identify(src/build/my_robot_description/CMakeFiles/3.28.3/CompilerIdC/tmp) by extension 'colcon_meta'
[0.236s] Level 1:colcon.colcon_core.package_identification:_identify(src/build/my_robot_description/CMakeFiles/3.28.3/CompilerIdC/tmp) by extensions ['ros']
[0.236s] Level 1:colcon.colcon_core.package_identification:_identify(src/build/my_robot_description/CMakeFiles/3.28.3/CompilerIdC/tmp) by extension 'ros'
[0.236s] Level 1:colcon.colcon_core.package_identification:_identify(src/build/my_robot_description/CMakeFiles/3.28.3/CompilerIdC/tmp) by extensions ['cmake', 'python']
[0.236s] Level 1:colcon.colcon_core.package_identification:_identify(src/build/my_robot_description/CMakeFiles/3.28.3/CompilerIdC/tmp) by extension 'cmake'
[0.236s] Level 1:colcon.colcon_core.package_identification:_identify(src/build/my_robot_description/CMakeFiles/3.28.3/CompilerIdC/tmp) by extension 'python'
[0.237s] Level 1:colcon.colcon_core.package_identification:_identify(src/build/my_robot_description/CMakeFiles/3.28.3/CompilerIdC/tmp) by extensions ['python_setup_py']
[0.237s] Level 1:colcon.colcon_core.package_identification:_identify(src/build/my_robot_description/CMakeFiles/3.28.3/CompilerIdC/tmp) by extension 'python_setup_py'
[0.237s] Level 1:colcon.colcon_core.package_identification:_identify(src/build/my_robot_description/CMakeFiles/3.28.3/CompilerIdCXX) by extensions ['ignore', 'ignore_ament_install']
[0.237s] Level 1:colcon.colcon_core.package_identification:_identify(src/build/my_robot_description/CMakeFiles/3.28.3/CompilerIdCXX) by extension 'ignore'
[0.237s] Level 1:colcon.colcon_core.package_identification:_identify(src/build/my_robot_description/CMakeFiles/3.28.3/CompilerIdCXX) by extension 'ignore_ament_install'
[0.237s] Level 1:colcon.colcon_core.package_identification:_identify(src/build/my_robot_description/CMakeFiles/3.28.3/CompilerIdCXX) by extensions ['colcon_pkg']
[0.237s] Level 1:colcon.colcon_core.package_identification:_identify(src/build/my_robot_description/CMakeFiles/3.28.3/CompilerIdCXX) by extension 'colcon_pkg'
[0.237s] Level 1:colcon.colcon_core.package_identification:_identify(src/build/my_robot_description/CMakeFiles/3.28.3/CompilerIdCXX) by extensions ['colcon_meta']
[0.237s] Level 1:colcon.colcon_core.package_identification:_identify(src/build/my_robot_description/CMakeFiles/3.28.3/CompilerIdCXX) by extension 'colcon_meta'
[0.237s] Level 1:colcon.colcon_core.package_identification:_identify(src/build/my_robot_description/CMakeFiles/3.28.3/CompilerIdCXX) by extensions ['ros']
[0.237s] Level 1:colcon.colcon_core.package_identification:_identify(src/build/my_robot_description/CMakeFiles/3.28.3/CompilerIdCXX) by extension 'ros'
[0.237s] Level 1:colcon.colcon_core.package_identification:_identify(src/build/my_robot_description/CMakeFiles/3.28.3/CompilerIdCXX) by extensions ['cmake', 'python']
[0.237s] Level 1:colcon.colcon_core.package_identification:_identify(src/build/my_robot_description/CMakeFiles/3.28.3/CompilerIdCXX) by extension 'cmake'
[0.237s] Level 1:colcon.colcon_core.package_identification:_identify(src/build/my_robot_description/CMakeFiles/3.28.3/CompilerIdCXX) by extension 'python'
[0.237s] Level 1:colcon.colcon_core.package_identification:_identify(src/build/my_robot_description/CMakeFiles/3.28.3/CompilerIdCXX) by extensions ['python_setup_py']
[0.237s] Level 1:colcon.colcon_core.package_identification:_identify(src/build/my_robot_description/CMakeFiles/3.28.3/CompilerIdCXX) by extension 'python_setup_py'
[0.237s] Level 1:colcon.colcon_core.package_identification:_identify(src/build/my_robot_description/CMakeFiles/3.28.3/CompilerIdCXX/tmp) by extensions ['ignore', 'ignore_ament_install']
[0.237s] Level 1:colcon.colcon_core.package_identification:_identify(src/build/my_robot_description/CMakeFiles/3.28.3/CompilerIdCXX/tmp) by extension 'ignore'
[0.237s] Level 1:colcon.colcon_core.package_identification:_identify(src/build/my_robot_description/CMakeFiles/3.28.3/CompilerIdCXX/tmp) by extension 'ignore_ament_install'
[0.237s] Level 1:colcon.colcon_core.package_identification:_identify(src/build/my_robot_description/CMakeFiles/3.28.3/CompilerIdCXX/tmp) by extensions ['colcon_pkg']
[0.237s] Level 1:colcon.colcon_core.package_identification:_identify(src/build/my_robot_description/CMakeFiles/3.28.3/CompilerIdCXX/tmp) by extension 'colcon_pkg'
[0.237s] Level 1:colcon.colcon_core.package_identification:_identify(src/build/my_robot_description/CMakeFiles/3.28.3/CompilerIdCXX/tmp) by extensions ['colcon_meta']
[0.237s] Level 1:colcon.colcon_core.package_identification:_identify(src/build/my_robot_description/CMakeFiles/3.28.3/CompilerIdCXX/tmp) by extension 'colcon_meta'
[0.237s] Level 1:colcon.colcon_core.package_identification:_identify(src/build/my_robot_description/CMakeFiles/3.28.3/CompilerIdCXX/tmp) by extensions ['ros']
[0.237s] Level 1:colcon.colcon_core.package_identification:_identify(src/build/my_robot_description/CMakeFiles/3.28.3/CompilerIdCXX/tmp) by extension 'ros'
[0.237s] Level 1:colcon.colcon_core.package_identification:_identify(src/build/my_robot_description/CMakeFiles/3.28.3/CompilerIdCXX/tmp) by extensions ['cmake', 'python']
[0.237s] Level 1:colcon.colcon_core.package_identification:_identify(src/build/my_robot_description/CMakeFiles/3.28.3/CompilerIdCXX/tmp) by extension 'cmake'
[0.237s] Level 1:colcon.colcon_core.package_identification:_identify(src/build/my_robot_description/CMakeFiles/3.28.3/CompilerIdCXX/tmp) by extension 'python'
[0.237s] Level 1:colcon.colcon_core.package_identification:_identify(src/build/my_robot_description/CMakeFiles/3.28.3/CompilerIdCXX/tmp) by extensions ['python_setup_py']
[0.237s] Level 1:colcon.colcon_core.package_identification:_identify(src/build/my_robot_description/CMakeFiles/3.28.3/CompilerIdCXX/tmp) by extension 'python_setup_py'
[0.237s] Level 1:colcon.colcon_core.package_identification:_identify(src/build/my_robot_description/CMakeFiles/pkgRedirects) by extensions ['ignore', 'ignore_ament_install']
[0.237s] Level 1:colcon.colcon_core.package_identification:_identify(src/build/my_robot_description/CMakeFiles/pkgRedirects) by extension 'ignore'
[0.237s] Level 1:colcon.colcon_core.package_identification:_identify(src/build/my_robot_description/CMakeFiles/pkgRedirects) by extension 'ignore_ament_install'
[0.238s] Level 1:colcon.colcon_core.package_identification:_identify(src/build/my_robot_description/CMakeFiles/pkgRedirects) by extensions ['colcon_pkg']
[0.238s] Level 1:colcon.colcon_core.package_identification:_identify(src/build/my_robot_description/CMakeFiles/pkgRedirects) by extension 'colcon_pkg'
[0.238s] Level 1:colcon.colcon_core.package_identification:_identify(src/build/my_robot_description/CMakeFiles/pkgRedirects) by extensions ['colcon_meta']
[0.238s] Level 1:colcon.colcon_core.package_identification:_identify(src/build/my_robot_description/CMakeFiles/pkgRedirects) by extension 'colcon_meta'
[0.238s] Level 1:colcon.colcon_core.package_identification:_identify(src/build/my_robot_description/CMakeFiles/pkgRedirects) by extensions ['ros']
[0.238s] Level 1:colcon.colcon_core.package_identification:_identify(src/build/my_robot_description/CMakeFiles/pkgRedirects) by extension 'ros'
[0.238s] Level 1:colcon.colcon_core.package_identification:_identify(src/build/my_robot_description/CMakeFiles/pkgRedirects) by extensions ['cmake', 'python']
[0.238s] Level 1:colcon.colcon_core.package_identification:_identify(src/build/my_robot_description/CMakeFiles/pkgRedirects) by extension 'cmake'
[0.238s] Level 1:colcon.colcon_core.package_identification:_identify(src/build/my_robot_description/CMakeFiles/pkgRedirects) by extension 'python'
[0.238s] Level 1:colcon.colcon_core.package_identification:_identify(src/build/my_robot_description/CMakeFiles/pkgRedirects) by extensions ['python_setup_py']
[0.238s] Level 1:colcon.colcon_core.package_identification:_identify(src/build/my_robot_description/CMakeFiles/pkgRedirects) by extension 'python_setup_py'
[0.238s] Level 1:colcon.colcon_core.package_identification:_identify(src/my_robot_bringup) by extensions ['ignore', 'ignore_ament_install']
[0.238s] Level 1:colcon.colcon_core.package_identification:_identify(src/my_robot_bringup) by extension 'ignore'
[0.238s] Level 1:colcon.colcon_core.package_identification:_identify(src/my_robot_bringup) by extension 'ignore_ament_install'
[0.238s] Level 1:colcon.colcon_core.package_identification:_identify(src/my_robot_bringup) by extensions ['colcon_pkg']
[0.238s] Level 1:colcon.colcon_core.package_identification:_identify(src/my_robot_bringup) by extension 'colcon_pkg'
[0.238s] Level 1:colcon.colcon_core.package_identification:_identify(src/my_robot_bringup) by extensions ['colcon_meta']
[0.238s] Level 1:colcon.colcon_core.package_identification:_identify(src/my_robot_bringup) by extension 'colcon_meta'
[0.238s] Level 1:colcon.colcon_core.package_identification:_identify(src/my_robot_bringup) by extensions ['ros']
[0.238s] Level 1:colcon.colcon_core.package_identification:_identify(src/my_robot_bringup) by extension 'ros'
[0.241s] DEBUG:colcon.colcon_core.package_identification:Package 'src/my_robot_bringup' with type 'ros.ament_cmake' and name 'my_robot_bringup'
[0.241s] Level 1:colcon.colcon_core.package_identification:_identify(src/my_robot_description) by extensions ['ignore', 'ignore_ament_install']
[0.241s] Level 1:colcon.colcon_core.package_identification:_identify(src/my_robot_description) by extension 'ignore'
[0.241s] Level 1:colcon.colcon_core.package_identification:_identify(src/my_robot_description) by extension 'ignore_ament_install'
[0.241s] Level 1:colcon.colcon_core.package_identification:_identify(src/my_robot_description) by extensions ['colcon_pkg']
[0.241s] Level 1:colcon.colcon_core.package_identification:_identify(src/my_robot_description) by extension 'colcon_pkg'
[0.241s] Level 1:colcon.colcon_core.package_identification:_identify(src/my_robot_description) by extensions ['colcon_meta']
[0.241s] Level 1:colcon.colcon_core.package_identification:_identify(src/my_robot_description) by extension 'colcon_meta'
[0.241s] Level 1:colcon.colcon_core.package_identification:_identify(src/my_robot_description) by extensions ['ros']
[0.241s] Level 1:colcon.colcon_core.package_identification:_identify(src/my_robot_description) by extension 'ros'
[0.242s] DEBUG:colcon.colcon_core.package_identification:Package 'src/my_robot_description' with type 'ros.ament_cmake' and name 'my_robot_description'
[0.242s] Level 1:colcon.colcon_core.package_identification:_identify(src/robot_legion_teleop_python) by extensions ['ignore', 'ignore_ament_install']
[0.242s] Level 1:colcon.colcon_core.package_identification:_identify(src/robot_legion_teleop_python) by extension 'ignore'
[0.242s] Level 1:colcon.colcon_core.package_identification:_identify(src/robot_legion_teleop_python) by extension 'ignore_ament_install'
[0.242s] Level 1:colcon.colcon_core.package_identification:_identify(src/robot_legion_teleop_python) by extensions ['colcon_pkg']
[0.242s] Level 1:colcon.colcon_core.package_identification:_identify(src/robot_legion_teleop_python) by extension 'colcon_pkg'
[0.242s] Level 1:colcon.colcon_core.package_identification:_identify(src/robot_legion_teleop_python) by extensions ['colcon_meta']
[0.242s] Level 1:colcon.colcon_core.package_identification:_identify(src/robot_legion_teleop_python) by extension 'colcon_meta'
[0.242s] Level 1:colcon.colcon_core.package_identification:_identify(src/robot_legion_teleop_python) by extensions ['ros']
[0.242s] Level 1:colcon.colcon_core.package_identification:_identify(src/robot_legion_teleop_python) by extension 'ros'
[0.243s] DEBUG:colcon.colcon_core.package_identification:Package 'src/robot_legion_teleop_python' with type 'ros.ament_python' and name 'robot_legion_teleop_python'
[0.243s] Level 1:colcon.colcon_core.package_discovery:discover_packages(recursive) using defaults
[0.243s] Level 1:colcon.colcon_core.package_discovery:discover_packages(ignore) discover
[0.243s] Level 1:colcon.colcon_core.package_discovery:discover_packages(ignore) using defaults
[0.243s] Level 1:colcon.colcon_core.package_discovery:discover_packages(path) discover
[0.243s] Level 1:colcon.colcon_core.package_discovery:discover_packages(path) using defaults
[0.273s] Level 1:colcon.colcon_core.package_discovery:discover_packages(prefix_path) check parameters
[0.273s] Level 1:colcon.colcon_core.package_discovery:discover_packages(prefix_path) discover
[0.275s] DEBUG:colcon.colcon_installed_package_information.package_discovery:Found 4 installed packages in /home/jo-jo/ros2_ws/install
[0.276s] DEBUG:colcon.colcon_installed_package_information.package_discovery:Found 319 installed packages in /opt/ros/jazzy
[0.277s] Level 1:colcon.colcon_core.package_discovery:discover_packages(prefix_path) using defaults
[0.299s] Level 5:colcon.colcon_core.verb:set package 'my_robot_bringup' build argument 'cmake_args' from command line to 'None'
[0.299s] Level 5:colcon.colcon_core.verb:set package 'my_robot_bringup' build argument 'cmake_target' from command line to 'None'
[0.299s] Level 5:colcon.colcon_core.verb:set package 'my_robot_bringup' build argument 'cmake_target_skip_unavailable' from command line to 'False'
[0.299s] Level 5:colcon.colcon_core.verb:set package 'my_robot_bringup' build argument 'cmake_clean_cache' from command line to 'False'
[0.299s] Level 5:colcon.colcon_core.verb:set package 'my_robot_bringup' build argument 'cmake_clean_first' from command line to 'False'
[0.299s] Level 5:colcon.colcon_core.verb:set package 'my_robot_bringup' build argument 'cmake_force_configure' from command line to 'False'
[0.299s] Level 5:colcon.colcon_core.verb:set package 'my_robot_bringup' build argument 'ament_cmake_args' from command line to 'None'
[0.299s] Level 5:colcon.colcon_core.verb:set package 'my_robot_bringup' build argument 'catkin_cmake_args' from command line to 'None'
[0.299s] Level 5:colcon.colcon_core.verb:set package 'my_robot_bringup' build argument 'catkin_skip_building_tests' from command line to 'False'
[0.299s] DEBUG:colcon.colcon_core.verb:Building package 'my_robot_bringup' with the following arguments: {'ament_cmake_args': None, 'build_base': '/home/jo-jo/ros2_ws/build/my_robot_bringup', 'catkin_cmake_args': None, 'catkin_skip_building_tests': False, 'cmake_args': None, 'cmake_clean_cache': False, 'cmake_clean_first': False, 'cmake_force_configure': False, 'cmake_target': None, 'cmake_target_skip_unavailable': False, 'install_base': '/home/jo-jo/ros2_ws/install/my_robot_bringup', 'merge_install': False, 'path': '/home/jo-jo/ros2_ws/src/my_robot_bringup', 'symlink_install': False, 'test_result_base': None}
[0.299s] Level 5:colcon.colcon_core.verb:set package 'my_robot_description' build argument 'cmake_args' from command line to 'None'
[0.299s] Level 5:colcon.colcon_core.verb:set package 'my_robot_description' build argument 'cmake_target' from command line to 'None'
[0.299s] Level 5:colcon.colcon_core.verb:set package 'my_robot_description' build argument 'cmake_target_skip_unavailable' from command line to 'False'
[0.299s] Level 5:colcon.colcon_core.verb:set package 'my_robot_description' build argument 'cmake_clean_cache' from command line to 'False'
[0.299s] Level 5:colcon.colcon_core.verb:set package 'my_robot_description' build argument 'cmake_clean_first' from command line to 'False'
[0.299s] Level 5:colcon.colcon_core.verb:set package 'my_robot_description' build argument 'cmake_force_configure' from command line to 'False'
[0.299s] Level 5:colcon.colcon_core.verb:set package 'my_robot_description' build argument 'ament_cmake_args' from command line to 'None'
[0.299s] Level 5:colcon.colcon_core.verb:set package 'my_robot_description' build argument 'catkin_cmake_args' from command line to 'None'
[0.299s] Level 5:colcon.colcon_core.verb:set package 'my_robot_description' build argument 'catkin_skip_building_tests' from command line to 'False'
[0.299s] DEBUG:colcon.colcon_core.verb:Building package 'my_robot_description' with the following arguments: {'ament_cmake_args': None, 'build_base': '/home/jo-jo/ros2_ws/build/my_robot_description', 'catkin_cmake_args': None, 'catkin_skip_building_tests': False, 'cmake_args': None, 'cmake_clean_cache': False, 'cmake_clean_first': False, 'cmake_force_configure': False, 'cmake_target': None, 'cmake_target_skip_unavailable': False, 'install_base': '/home/jo-jo/ros2_ws/install/my_robot_description', 'merge_install': False, 'path': '/home/jo-jo/ros2_ws/src/my_robot_description', 'symlink_install': False, 'test_result_base': None}
[0.299s] Level 5:colcon.colcon_core.verb:set package 'robot_legion_teleop_python' build argument 'cmake_args' from command line to 'None'
[0.299s] Level 5:colcon.colcon_core.verb:set package 'robot_legion_teleop_python' build argument 'cmake_target' from command line to 'None'
[0.299s] Level 5:colcon.colcon_core.verb:set package 'robot_legion_teleop_python' build argument 'cmake_target_skip_unavailable' from command line to 'False'
[0.299s] Level 5:colcon.colcon_core.verb:set package 'robot_legion_teleop_python' build argument 'cmake_clean_cache' from command line to 'False'
[0.299s] Level 5:colcon.colcon_core.verb:set package 'robot_legion_teleop_python' build argument 'cmake_clean_first' from command line to 'False'
[0.299s] Level 5:colcon.colcon_core.verb:set package 'robot_legion_teleop_python' build argument 'cmake_force_configure' from command line to 'False'
[0.299s] Level 5:colcon.colcon_core.verb:set package 'robot_legion_teleop_python' build argument 'ament_cmake_args' from command line to 'None'
[0.299s] Level 5:colcon.colcon_core.verb:set package 'robot_legion_teleop_python' build argument 'catkin_cmake_args' from command line to 'None'
[0.299s] Level 5:colcon.colcon_core.verb:set package 'robot_legion_teleop_python' build argument 'catkin_skip_building_tests' from command line to 'False'
[0.299s] DEBUG:colcon.colcon_core.verb:Building package 'robot_legion_teleop_python' with the following arguments: {'ament_cmake_args': None, 'build_base': '/home/jo-jo/ros2_ws/build/robot_legion_teleop_python', 'catkin_cmake_args': None, 'catkin_skip_building_tests': False, 'cmake_args': None, 'cmake_clean_cache': False, 'cmake_clean_first': False, 'cmake_force_configure': False, 'cmake_target': None, 'cmake_target_skip_unavailable': False, 'install_base': '/home/jo-jo/ros2_ws/install/robot_legion_teleop_python', 'merge_install': False, 'path': '/home/jo-jo/ros2_ws/src/robot_legion_teleop_python', 'symlink_install': False, 'test_result_base': None}
[0.299s] INFO:colcon.colcon_core.executor:Executing jobs using 'parallel' executor
[0.300s] DEBUG:colcon.colcon_parallel_executor.executor.parallel:run_until_complete
[0.300s] INFO:colcon.colcon_ros.task.ament_cmake.build:Building ROS package in '/home/jo-jo/ros2_ws/src/my_robot_bringup' with build type 'ament_cmake'
[0.300s] INFO:colcon.colcon_cmake.task.cmake.build:Building CMake package in '/home/jo-jo/ros2_ws/src/my_robot_bringup'
[0.302s] INFO:colcon.colcon_core.plugin_system:Skipping extension 'colcon_core.shell.bat': Not used on non-Windows systems
[0.302s] INFO:colcon.colcon_core.shell:Skip shell extension 'powershell' for command environment: Not usable outside of PowerShell
[0.302s] DEBUG:colcon.colcon_core.shell:Skip shell extension 'dsv' for command environment
[0.304s] INFO:colcon.colcon_ros.task.ament_cmake.build:Building ROS package in '/home/jo-jo/ros2_ws/src/my_robot_description' with build type 'ament_cmake'
[0.304s] INFO:colcon.colcon_cmake.task.cmake.build:Building CMake package in '/home/jo-jo/ros2_ws/src/my_robot_description'
[0.304s] INFO:colcon.colcon_core.shell:Skip shell extension 'powershell' for command environment: Not usable outside of PowerShell
[0.304s] DEBUG:colcon.colcon_core.shell:Skip shell extension 'dsv' for command environment
[0.306s] INFO:colcon.colcon_ros.task.ament_python.build:Building ROS package in '/home/jo-jo/ros2_ws/src/robot_legion_teleop_python' with build type 'ament_python'
[0.306s] Level 1:colcon.colcon_core.shell:create_environment_hook('robot_legion_teleop_python', 'ament_prefix_path')
[0.306s] INFO:colcon.colcon_core.shell:Creating environment hook '/home/jo-jo/ros2_ws/install/robot_legion_teleop_python/share/robot_legion_teleop_python/hook/ament_prefix_path.ps1'
[0.306s] INFO:colcon.colcon_core.shell:Creating environment descriptor '/home/jo-jo/ros2_ws/install/robot_legion_teleop_python/share/robot_legion_teleop_python/hook/ament_prefix_path.dsv'
[0.307s] INFO:colcon.colcon_core.shell:Creating environment hook '/home/jo-jo/ros2_ws/install/robot_legion_teleop_python/share/robot_legion_teleop_python/hook/ament_prefix_path.sh'
[0.307s] INFO:colcon.colcon_core.shell:Skip shell extension 'powershell' for command environment: Not usable outside of PowerShell
[0.307s] DEBUG:colcon.colcon_core.shell:Skip shell extension 'dsv' for command environment
[0.310s] DEBUG:colcon.colcon_core.event_handler.log_command:Invoking command in '/home/jo-jo/ros2_ws/build/my_robot_bringup': CMAKE_PREFIX_PATH=${CMAKE_PREFIX_PATH}:/home/jo-jo/ros2_ws/install/robot_legion_teleop_python:/opt/ros/jazzy DEBUGINFOD_URLS=https://debuginfod.ubuntu.com /usr/bin/cmake --build /home/jo-jo/ros2_ws/build/my_robot_bringup -- -j28 -l28
[0.312s] DEBUG:colcon.colcon_core.event_handler.log_command:Invoking command in '/home/jo-jo/ros2_ws/build/my_robot_description': CMAKE_PREFIX_PATH=${CMAKE_PREFIX_PATH}:/home/jo-jo/ros2_ws/install/robot_legion_teleop_python:/opt/ros/jazzy DEBUGINFOD_URLS=https://debuginfod.ubuntu.com /usr/bin/cmake --build /home/jo-jo/ros2_ws/build/my_robot_description -- -j28 -l28
[0.414s] INFO:colcon.colcon_core.task.python.build:Building Python package in '/home/jo-jo/ros2_ws/src/robot_legion_teleop_python'
[0.415s] INFO:colcon.colcon_core.shell:Skip shell extension 'powershell' for command environment: Not usable outside of PowerShell
[0.415s] DEBUG:colcon.colcon_core.shell:Skip shell extension 'dsv' for command environment
[0.417s] DEBUG:colcon.colcon_core.event_handler.log_command:Invoked command in '/home/jo-jo/ros2_ws/build/my_robot_bringup' returned '0': CMAKE_PREFIX_PATH=${CMAKE_PREFIX_PATH}:/home/jo-jo/ros2_ws/install/robot_legion_teleop_python:/opt/ros/jazzy DEBUGINFOD_URLS=https://debuginfod.ubuntu.com /usr/bin/cmake --build /home/jo-jo/ros2_ws/build/my_robot_bringup -- -j28 -l28
[0.424s] DEBUG:colcon.colcon_core.event_handler.log_command:Invoking command in '/home/jo-jo/ros2_ws/build/my_robot_bringup': CMAKE_PREFIX_PATH=${CMAKE_PREFIX_PATH}:/home/jo-jo/ros2_ws/install/robot_legion_teleop_python:/opt/ros/jazzy DEBUGINFOD_URLS=https://debuginfod.ubuntu.com /usr/bin/cmake --install /home/jo-jo/ros2_ws/build/my_robot_bringup
[0.425s] DEBUG:colcon.colcon_core.event_handler.log_command:Invoked command in '/home/jo-jo/ros2_ws/build/my_robot_description' returned '0': CMAKE_PREFIX_PATH=${CMAKE_PREFIX_PATH}:/home/jo-jo/ros2_ws/install/robot_legion_teleop_python:/opt/ros/jazzy DEBUGINFOD_URLS=https://debuginfod.ubuntu.com /usr/bin/cmake --build /home/jo-jo/ros2_ws/build/my_robot_description -- -j28 -l28
[0.425s] DEBUG:colcon.colcon_core.event_handler.log_command:Invoking command in '/home/jo-jo/ros2_ws/build/my_robot_description': CMAKE_PREFIX_PATH=${CMAKE_PREFIX_PATH}:/home/jo-jo/ros2_ws/install/robot_legion_teleop_python:/opt/ros/jazzy DEBUGINFOD_URLS=https://debuginfod.ubuntu.com /usr/bin/cmake --install /home/jo-jo/ros2_ws/build/my_robot_description
[0.433s] Level 1:colcon.colcon_core.environment:create_environment_scripts_only(my_robot_description)
[0.437s] DEBUG:colcon.colcon_core.event_handler.log_command:Invoked command in '/home/jo-jo/ros2_ws/build/my_robot_description' returned '0': CMAKE_PREFIX_PATH=${CMAKE_PREFIX_PATH}:/home/jo-jo/ros2_ws/install/robot_legion_teleop_python:/opt/ros/jazzy DEBUGINFOD_URLS=https://debuginfod.ubuntu.com /usr/bin/cmake --install /home/jo-jo/ros2_ws/build/my_robot_description
[0.452s] Level 1:colcon.colcon_core.environment:checking '/home/jo-jo/ros2_ws/install/my_robot_description' for CMake module files
[0.455s] Level 1:colcon.colcon_core.environment:checking '/home/jo-jo/ros2_ws/install/my_robot_description' for CMake config files
[0.460s] Level 1:colcon.colcon_core.shell:create_environment_hook('my_robot_description', 'cmake_prefix_path')
[0.460s] INFO:colcon.colcon_core.shell:Creating environment hook '/home/jo-jo/ros2_ws/install/my_robot_description/share/my_robot_description/hook/cmake_prefix_path.ps1'
[0.462s] INFO:colcon.colcon_core.shell:Creating environment descriptor '/home/jo-jo/ros2_ws/install/my_robot_description/share/my_robot_description/hook/cmake_prefix_path.dsv'
[0.463s] INFO:colcon.colcon_core.shell:Creating environment hook '/home/jo-jo/ros2_ws/install/my_robot_description/share/my_robot_description/hook/cmake_prefix_path.sh'
[0.464s] Level 1:colcon.colcon_core.environment:checking '/home/jo-jo/ros2_ws/install/my_robot_description/bin'
[0.464s] Level 1:colcon.colcon_core.environment:checking '/home/jo-jo/ros2_ws/install/my_robot_description/lib/pkgconfig/my_robot_description.pc'
[0.464s] Level 1:colcon.colcon_core.environment:checking '/home/jo-jo/ros2_ws/install/my_robot_description/lib/python3.12/site-packages'
[0.465s] Level 1:colcon.colcon_core.environment:checking '/home/jo-jo/ros2_ws/install/my_robot_description/bin'
[0.465s] INFO:colcon.colcon_core.shell:Creating package script '/home/jo-jo/ros2_ws/install/my_robot_description/share/my_robot_description/package.ps1'
[0.465s] INFO:colcon.colcon_core.shell:Creating package descriptor '/home/jo-jo/ros2_ws/install/my_robot_description/share/my_robot_description/package.dsv'
[0.466s] INFO:colcon.colcon_core.shell:Creating package script '/home/jo-jo/ros2_ws/install/my_robot_description/share/my_robot_description/package.sh'
[0.466s] INFO:colcon.colcon_core.shell:Creating package script '/home/jo-jo/ros2_ws/install/my_robot_description/share/my_robot_description/package.bash'
[0.468s] INFO:colcon.colcon_core.shell:Creating package script '/home/jo-jo/ros2_ws/install/my_robot_description/share/my_robot_description/package.zsh'
[0.470s] Level 1:colcon.colcon_core.environment:create_file_with_runtime_dependencies(/home/jo-jo/ros2_ws/install/my_robot_description/share/colcon-core/packages/my_robot_description)
[0.471s] Level 1:colcon.colcon_core.environment:create_environment_scripts_only(my_robot_description)
[0.472s] Level 1:colcon.colcon_core.environment:checking '/home/jo-jo/ros2_ws/install/my_robot_description' for CMake module files
[0.484s] Level 1:colcon.colcon_core.environment:checking '/home/jo-jo/ros2_ws/install/my_robot_description' for CMake config files
[0.484s] Level 1:colcon.colcon_core.shell:create_environment_hook('my_robot_description', 'cmake_prefix_path')
[0.484s] INFO:colcon.colcon_core.shell:Creating environment hook '/home/jo-jo/ros2_ws/install/my_robot_description/share/my_robot_description/hook/cmake_prefix_path.ps1'
[0.484s] INFO:colcon.colcon_core.shell:Creating environment descriptor '/home/jo-jo/ros2_ws/install/my_robot_description/share/my_robot_description/hook/cmake_prefix_path.dsv'
[0.484s] INFO:colcon.colcon_core.shell:Creating environment hook '/home/jo-jo/ros2_ws/install/my_robot_description/share/my_robot_description/hook/cmake_prefix_path.sh'
[0.485s] Level 1:colcon.colcon_core.environment:checking '/home/jo-jo/ros2_ws/install/my_robot_description/bin'
[0.485s] Level 1:colcon.colcon_core.environment:checking '/home/jo-jo/ros2_ws/install/my_robot_description/lib/pkgconfig/my_robot_description.pc'
[0.485s] Level 1:colcon.colcon_core.environment:checking '/home/jo-jo/ros2_ws/install/my_robot_description/lib/python3.12/site-packages'
[0.485s] Level 1:colcon.colcon_core.environment:checking '/home/jo-jo/ros2_ws/install/my_robot_description/bin'
[0.485s] INFO:colcon.colcon_core.shell:Creating package script '/home/jo-jo/ros2_ws/install/my_robot_description/share/my_robot_description/package.ps1'
[0.485s] INFO:colcon.colcon_core.shell:Creating package descriptor '/home/jo-jo/ros2_ws/install/my_robot_description/share/my_robot_description/package.dsv'
[0.485s] INFO:colcon.colcon_core.shell:Creating package script '/home/jo-jo/ros2_ws/install/my_robot_description/share/my_robot_description/package.sh'
[0.485s] INFO:colcon.colcon_core.shell:Creating package script '/home/jo-jo/ros2_ws/install/my_robot_description/share/my_robot_description/package.bash'
[0.486s] INFO:colcon.colcon_core.shell:Creating package script '/home/jo-jo/ros2_ws/install/my_robot_description/share/my_robot_description/package.zsh'
[0.486s] Level 1:colcon.colcon_core.environment:create_file_with_runtime_dependencies(/home/jo-jo/ros2_ws/install/my_robot_description/share/colcon-core/packages/my_robot_description)
[0.486s] Level 1:colcon.colcon_core.environment:create_environment_scripts_only(my_robot_bringup)
[0.486s] DEBUG:colcon.colcon_core.event_handler.log_command:Invoked command in '/home/jo-jo/ros2_ws/build/my_robot_bringup' returned '0': CMAKE_PREFIX_PATH=${CMAKE_PREFIX_PATH}:/home/jo-jo/ros2_ws/install/robot_legion_teleop_python:/opt/ros/jazzy DEBUGINFOD_URLS=https://debuginfod.ubuntu.com /usr/bin/cmake --install /home/jo-jo/ros2_ws/build/my_robot_bringup
[0.487s] Level 1:colcon.colcon_core.environment:checking '/home/jo-jo/ros2_ws/install/my_robot_bringup' for CMake module files
[0.487s] Level 1:colcon.colcon_core.environment:checking '/home/jo-jo/ros2_ws/install/my_robot_bringup' for CMake config files
[0.493s] Level 1:colcon.colcon_core.shell:create_environment_hook('my_robot_bringup', 'cmake_prefix_path')
[0.493s] INFO:colcon.colcon_core.shell:Creating environment hook '/home/jo-jo/ros2_ws/install/my_robot_bringup/share/my_robot_bringup/hook/cmake_prefix_path.ps1'
[0.493s] INFO:colcon.colcon_core.shell:Creating environment descriptor '/home/jo-jo/ros2_ws/install/my_robot_bringup/share/my_robot_bringup/hook/cmake_prefix_path.dsv'
[0.493s] INFO:colcon.colcon_core.shell:Creating environment hook '/home/jo-jo/ros2_ws/install/my_robot_bringup/share/my_robot_bringup/hook/cmake_prefix_path.sh'
[0.494s] Level 1:colcon.colcon_core.environment:checking '/home/jo-jo/ros2_ws/install/my_robot_bringup/bin'
[0.494s] Level 1:colcon.colcon_core.environment:checking '/home/jo-jo/ros2_ws/install/my_robot_bringup/lib/pkgconfig/my_robot_bringup.pc'
[0.494s] Level 1:colcon.colcon_core.environment:checking '/home/jo-jo/ros2_ws/install/my_robot_bringup/lib/python3.12/site-packages'
[0.494s] Level 1:colcon.colcon_core.environment:checking '/home/jo-jo/ros2_ws/install/my_robot_bringup/bin'
[0.494s] INFO:colcon.colcon_core.shell:Creating package script '/home/jo-jo/ros2_ws/install/my_robot_bringup/share/my_robot_bringup/package.ps1'
[0.494s] INFO:colcon.colcon_core.shell:Creating package descriptor '/home/jo-jo/ros2_ws/install/my_robot_bringup/share/my_robot_bringup/package.dsv'
[0.494s] INFO:colcon.colcon_core.shell:Creating package script '/home/jo-jo/ros2_ws/install/my_robot_bringup/share/my_robot_bringup/package.sh'
[0.494s] INFO:colcon.colcon_core.shell:Creating package script '/home/jo-jo/ros2_ws/install/my_robot_bringup/share/my_robot_bringup/package.bash'
[0.495s] INFO:colcon.colcon_core.shell:Creating package script '/home/jo-jo/ros2_ws/install/my_robot_bringup/share/my_robot_bringup/package.zsh'
[0.495s] Level 1:colcon.colcon_core.environment:create_file_with_runtime_dependencies(/home/jo-jo/ros2_ws/install/my_robot_bringup/share/colcon-core/packages/my_robot_bringup)
[0.495s] Level 1:colcon.colcon_core.environment:create_environment_scripts_only(my_robot_bringup)
[0.495s] Level 1:colcon.colcon_core.environment:checking '/home/jo-jo/ros2_ws/install/my_robot_bringup' for CMake module files
[0.495s] Level 1:colcon.colcon_core.environment:checking '/home/jo-jo/ros2_ws/install/my_robot_bringup' for CMake config files
[0.497s] Level 1:colcon.colcon_core.shell:create_environment_hook('my_robot_bringup', 'cmake_prefix_path')
[0.497s] INFO:colcon.colcon_core.shell:Creating environment hook '/home/jo-jo/ros2_ws/install/my_robot_bringup/share/my_robot_bringup/hook/cmake_prefix_path.ps1'
[0.497s] INFO:colcon.colcon_core.shell:Creating environment descriptor '/home/jo-jo/ros2_ws/install/my_robot_bringup/share/my_robot_bringup/hook/cmake_prefix_path.dsv'
[0.498s] INFO:colcon.colcon_core.shell:Creating environment hook '/home/jo-jo/ros2_ws/install/my_robot_bringup/share/my_robot_bringup/hook/cmake_prefix_path.sh'
[0.498s] Level 1:colcon.colcon_core.environment:checking '/home/jo-jo/ros2_ws/install/my_robot_bringup/bin'
[0.498s] Level 1:colcon.colcon_core.environment:checking '/home/jo-jo/ros2_ws/install/my_robot_bringup/lib/pkgconfig/my_robot_bringup.pc'
[0.498s] Level 1:colcon.colcon_core.environment:checking '/home/jo-jo/ros2_ws/install/my_robot_bringup/lib/python3.12/site-packages'
[0.498s] Level 1:colcon.colcon_core.environment:checking '/home/jo-jo/ros2_ws/install/my_robot_bringup/bin'
[0.498s] INFO:colcon.colcon_core.shell:Creating package script '/home/jo-jo/ros2_ws/install/my_robot_bringup/share/my_robot_bringup/package.ps1'
[0.498s] INFO:colcon.colcon_core.shell:Creating package descriptor '/home/jo-jo/ros2_ws/install/my_robot_bringup/share/my_robot_bringup/package.dsv'
[0.499s] INFO:colcon.colcon_core.shell:Creating package script '/home/jo-jo/ros2_ws/install/my_robot_bringup/share/my_robot_bringup/package.sh'
[0.499s] INFO:colcon.colcon_core.shell:Creating package script '/home/jo-jo/ros2_ws/install/my_robot_bringup/share/my_robot_bringup/package.bash'
[0.499s] INFO:colcon.colcon_core.shell:Creating package script '/home/jo-jo/ros2_ws/install/my_robot_bringup/share/my_robot_bringup/package.zsh'
[0.499s] Level 1:colcon.colcon_core.environment:create_file_with_runtime_dependencies(/home/jo-jo/ros2_ws/install/my_robot_bringup/share/colcon-core/packages/my_robot_bringup)
[0.755s] DEBUG:colcon.colcon_core.event_handler.log_command:Invoking command in '/home/jo-jo/ros2_ws/src/robot_legion_teleop_python': DEBUGINFOD_URLS=https://debuginfod.ubuntu.com PYTHONPATH=/home/jo-jo/ros2_ws/build/robot_legion_teleop_python/prefix_override:/usr/lib/python3/dist-packages/colcon_core/task/python/colcon_distutils_commands:/home/jo-jo/ros2_ws/install/robot_legion_teleop_python/lib/python3.12/site-packages:${PYTHONPATH} /usr/bin/python3 -W ignore:setup.py install is deprecated -W ignore:easy_install command is deprecated setup.py egg_info --egg-base ../../build/robot_legion_teleop_python build --build-base /home/jo-jo/ros2_ws/build/robot_legion_teleop_python/build install --record /home/jo-jo/ros2_ws/build/robot_legion_teleop_python/install.log --single-version-externally-managed install_data
[0.991s] Level 1:colcon.colcon_core.environment:checking '/home/jo-jo/ros2_ws/install/robot_legion_teleop_python' for CMake module files
[0.991s] DEBUG:colcon.colcon_core.event_handler.log_command:Invoked command in '/home/jo-jo/ros2_ws/src/robot_legion_teleop_python' returned '0': DEBUGINFOD_URLS=https://debuginfod.ubuntu.com PYTHONPATH=/home/jo-jo/ros2_ws/build/robot_legion_teleop_python/prefix_override:/usr/lib/python3/dist-packages/colcon_core/task/python/colcon_distutils_commands:/home/jo-jo/ros2_ws/install/robot_legion_teleop_python/lib/python3.12/site-packages:${PYTHONPATH} /usr/bin/python3 -W ignore:setup.py install is deprecated -W ignore:easy_install command is deprecated setup.py egg_info --egg-base ../../build/robot_legion_teleop_python build --build-base /home/jo-jo/ros2_ws/build/robot_legion_teleop_python/build install --record /home/jo-jo/ros2_ws/build/robot_legion_teleop_python/install.log --single-version-externally-managed install_data
[0.991s] Level 1:colcon.colcon_core.environment:checking '/home/jo-jo/ros2_ws/install/robot_legion_teleop_python' for CMake config files
[0.992s] Level 1:colcon.colcon_core.environment:checking '/home/jo-jo/ros2_ws/install/robot_legion_teleop_python/lib'
[0.992s] Level 1:colcon.colcon_core.environment:checking '/home/jo-jo/ros2_ws/install/robot_legion_teleop_python/bin'
[0.992s] Level 1:colcon.colcon_core.environment:checking '/home/jo-jo/ros2_ws/install/robot_legion_teleop_python/lib/pkgconfig/robot_legion_teleop_python.pc'
[0.992s] Level 1:colcon.colcon_core.environment:checking '/home/jo-jo/ros2_ws/install/robot_legion_teleop_python/lib/python3.12/site-packages'
[0.992s] Level 1:colcon.colcon_core.shell:create_environment_hook('robot_legion_teleop_python', 'pythonpath')
[0.993s] INFO:colcon.colcon_core.shell:Creating environment hook '/home/jo-jo/ros2_ws/install/robot_legion_teleop_python/share/robot_legion_teleop_python/hook/pythonpath.ps1'
[0.993s] INFO:colcon.colcon_core.shell:Creating environment descriptor '/home/jo-jo/ros2_ws/install/robot_legion_teleop_python/share/robot_legion_teleop_python/hook/pythonpath.dsv'
[0.993s] INFO:colcon.colcon_core.shell:Creating environment hook '/home/jo-jo/ros2_ws/install/robot_legion_teleop_python/share/robot_legion_teleop_python/hook/pythonpath.sh'
[0.994s] Level 1:colcon.colcon_core.environment:checking '/home/jo-jo/ros2_ws/install/robot_legion_teleop_python/bin'
[0.994s] Level 1:colcon.colcon_core.environment:create_environment_scripts_only(robot_legion_teleop_python)
[0.994s] INFO:colcon.colcon_core.shell:Creating package script '/home/jo-jo/ros2_ws/install/robot_legion_teleop_python/share/robot_legion_teleop_python/package.ps1'
[0.994s] INFO:colcon.colcon_core.shell:Creating package descriptor '/home/jo-jo/ros2_ws/install/robot_legion_teleop_python/share/robot_legion_teleop_python/package.dsv'
[0.995s] INFO:colcon.colcon_core.shell:Creating package script '/home/jo-jo/ros2_ws/install/robot_legion_teleop_python/share/robot_legion_teleop_python/package.sh'
[0.995s] INFO:colcon.colcon_core.shell:Creating package script '/home/jo-jo/ros2_ws/install/robot_legion_teleop_python/share/robot_legion_teleop_python/package.bash'
[0.995s] INFO:colcon.colcon_core.shell:Creating package script '/home/jo-jo/ros2_ws/install/robot_legion_teleop_python/share/robot_legion_teleop_python/package.zsh'
[0.995s] Level 1:colcon.colcon_core.environment:create_file_with_runtime_dependencies(/home/jo-jo/ros2_ws/install/robot_legion_teleop_python/share/colcon-core/packages/robot_legion_teleop_python)
[0.996s] DEBUG:colcon.colcon_parallel_executor.executor.parallel:closing loop
[0.996s] DEBUG:colcon.colcon_parallel_executor.executor.parallel:loop closed
[0.996s] DEBUG:colcon.colcon_parallel_executor.executor.parallel:run_until_complete finished with '0'
[0.996s] DEBUG:colcon.colcon_core.event_reactor:joining thread
[1.000s] INFO:colcon.colcon_core.plugin_system:Skipping extension 'colcon_notification.desktop_notification.terminal_notifier': Not used on non-Darwin systems
[1.000s] INFO:colcon.colcon_core.plugin_system:Skipping extension 'colcon_notification.desktop_notification.win32': Not used on non-Windows systems
[1.000s] INFO:colcon.colcon_notification.desktop_notification:Sending desktop notification using 'notify2'
[1.017s] DEBUG:colcon.colcon_core.event_reactor:joined thread
[1.017s] INFO:colcon.colcon_core.shell:Creating prefix script '/home/jo-jo/ros2_ws/install/local_setup.ps1'
[1.018s] INFO:colcon.colcon_core.shell:Creating prefix util module '/home/jo-jo/ros2_ws/install/_local_setup_util_ps1.py'
[1.019s] INFO:colcon.colcon_core.shell:Creating prefix chain script '/home/jo-jo/ros2_ws/install/setup.ps1'
[1.020s] INFO:colcon.colcon_core.shell:Creating prefix script '/home/jo-jo/ros2_ws/install/local_setup.sh'
[1.021s] INFO:colcon.colcon_core.shell:Creating prefix util module '/home/jo-jo/ros2_ws/install/_local_setup_util_sh.py'
[1.021s] INFO:colcon.colcon_core.shell:Creating prefix chain script '/home/jo-jo/ros2_ws/install/setup.sh'
[1.022s] INFO:colcon.colcon_core.shell:Creating prefix script '/home/jo-jo/ros2_ws/install/local_setup.bash'
[1.023s] INFO:colcon.colcon_core.shell:Creating prefix chain script '/home/jo-jo/ros2_ws/install/setup.bash'
[1.025s] INFO:colcon.colcon_core.shell:Creating prefix script '/home/jo-jo/ros2_ws/install/local_setup.zsh'
[1.025s] INFO:colcon.colcon_core.shell:Creating prefix chain script '/home/jo-jo/ros2_ws/install/setup.zsh'
